<html>
<body>
<pre>
<h1>µVision Build Log</h1>
<h2>Tool Versions:</h2>
IDE-Version: µVision V5.38.0.0
Copyright (C) 2022 ARM Ltd and ARM Germany GmbH. All rights reserved.
License Information: xx han2456, HP Inc., LIC=14HV2-9H9EH-SBXEJ-UXB5H-BCKL6-P3JQP
 
Tool Versions:
Toolchain:       MDK-ARM Plus  Version: 5.38.0.0
Toolchain Path:  C:\Keil_v5\ARM\ARMCompiler_506_Windows_x86_b960\Bin
C Compiler:      Armcc.exe V5.06 update 7 (build 960)
Assembler:       Armasm.exe V5.06 update 7 (build 960)
Linker/Locator:  ArmLink.exe V5.06 update 7 (build 960)
Library Manager: ArmAr.exe V5.06 update 7 (build 960)
Hex Converter:   FromElf.exe V5.06 update 7 (build 960)
CPU DLL:         SARMCM3.DLL V5.38.0.0
Dialog DLL:      DCM.DLL V1.17.5.0
Target DLL:      CMSIS_AGDI.dll V1.33.15.0
Dialog DLL:      TCM.DLL V1.56.4.0
 
<h2>Project:</h2>
C:\Users\han24\Desktop\Code\stm32\My_LED_Pro\MDK-ARM\My_LED_Pro.uvprojx
Project File Date:  07/22/2023

<h2>Output:</h2>
*** Using Compiler 'V5.06 update 7 (build 960)', folder: 'C:\Keil_v5\ARM\ARMCompiler_506_Windows_x86_b960\Bin'
Rebuild target 'My_LED_Pro'
assembling startup_stm32f103xb.s...
compiling stm32f1xx_hal_gpio_ex.c...
compiling stm32f1xx_hal_rcc.c...
compiling stm32f1xx_hal.c...
compiling freertos.c...
../Core/Inc/uart_stdio.h(6): warning:  #1295-D: Deprecated declaration log_buffer_flush - give arg types
  extern void log_buffer_flush();
../Core/Src/freertos.c: 1 warning, 0 errors
compiling stm32f1xx_hal_rcc_ex.c...
compiling stm32f1xx_it.c...
../Core/Inc/uart_stdio.h(6): warning:  #1295-D: Deprecated declaration log_buffer_flush - give arg types
  extern void log_buffer_flush();
../Core/Src/stm32f1xx_it.c: 1 warning, 0 errors
compiling stm32f1xx_hal_msp.c...
../Core/Inc/uart_stdio.h(6): warning:  #1295-D: Deprecated declaration log_buffer_flush - give arg types
  extern void log_buffer_flush();
../Core/Src/stm32f1xx_hal_msp.c: 1 warning, 0 errors
compiling stm32f1xx_hal_dma.c...
compiling main.c...
../Core/Inc/uart_stdio.h(6): warning:  #1295-D: Deprecated declaration log_buffer_flush - give arg types
  extern void log_buffer_flush();
../Core/Src/main.c(508): warning:  #188-D: enumerated type mixed with another type
  		HAL_GPIO_WritePin(GPIOC,GPIO_PIN_13,pin);
../Core/Src/main.c(510): warning:  #223-D: function "memset" declared implicitly
      memset(&cpu_info,0,sizeof(cpu_info));
../Core/Src/main.c(516): warning:  #223-D: function "vTaskGetRunTimeStats" declared implicitly
      vTaskGetRunTimeStats(&cpu_info);
../Core/Src/main.c: 4 warnings, 0 errors
compiling uart_stdio.c...
../Core/Inc/uart_stdio.h(6): warning:  #1295-D: Deprecated declaration log_buffer_flush - give arg types
  extern void log_buffer_flush();
..\Core\Src\uart_stdio.c: 1 warning, 0 errors
compiling stm32f1xx_hal_gpio.c...
compiling event_groups.c...
compiling croutine.c...
compiling queue.c...
compiling list.c...
compiling stm32f1xx_hal_cortex.c...
compiling stream_buffer.c...
compiling tasks.c...
compiling timers.c...
compiling heap_4.c...
compiling system_stm32f1xx.c...
compiling stm32f1xx_hal_flash.c...
compiling stm32f1xx_hal_uart.c...
compiling stm32f1xx_hal_flash_ex.c...
compiling stm32f1xx_hal_pwr.c...
compiling port.c...
compiling cmsis_os2.c...
compiling stm32f1xx_hal_exti.c...
compiling stm32f1xx_hal_tim_ex.c...
compiling stm32f1xx_hal_tim.c...
linking...
Program Size: Code=14636 RO-data=480 RW-data=168 ZI-data=9312  
FromELF: creating hex file...
"My_LED_Pro\My_LED_Pro.axf" - 0 Error(s), 8 Warning(s).

<h2>Software Packages used:</h2>

Package Vendor: ARM
                http://www.keil.com/pack/ARM.CMSIS.5.9.0.pack
                ARM.CMSIS.5.9.0
                CMSIS (Common Microcontroller Software Interface Standard)
   * Component: CORE Version: 5.6.0

Package Vendor: Keil
                http://www.keil.com/pack/Keil.STM32F1xx_DFP.2.4.0.pack
                Keil.STM32F1xx_DFP.2.4.0
                STMicroelectronics STM32F1 Series Device Support, Drivers and Examples

<h2>Collection of Component include folders:</h2>
  ./RTE/_My_LED_Pro
  C:/Users/han24/AppData/Local/Arm/Packs/ARM/CMSIS/5.9.0/CMSIS/Core/Include
  C:/Users/han24/AppData/Local/Arm/Packs/Keil/STM32F1xx_DFP/2.4.0/Device/Include

<h2>Collection of Component Files used:</h2>

   * Component: ARM::CMSIS:CORE:5.6.0
Build Time Elapsed:  00:00:08
</pre>
</body>
</html>
