Component: ARM Compiler 5.06 update 7 (build 960) Tool: armlink [4d3601]

==============================================================================

Section Cross References

    startup_stm32f103xb.o(STACK) refers (Special) to heapauxi.o(.text) for __use_two_region_memory
    startup_stm32f103xb.o(HEAP) refers (Special) to heapauxi.o(.text) for __use_two_region_memory
    startup_stm32f103xb.o(RESET) refers (Special) to heapauxi.o(.text) for __use_two_region_memory
    startup_stm32f103xb.o(RESET) refers to startup_stm32f103xb.o(STACK) for __initial_sp
    startup_stm32f103xb.o(RESET) refers to startup_stm32f103xb.o(.text) for Reset_Handler
    startup_stm32f103xb.o(RESET) refers to stm32f1xx_it.o(i.NMI_Handler) for NMI_Handler
    startup_stm32f103xb.o(RESET) refers to stm32f1xx_it.o(i.HardFault_Handler) for HardFault_Handler
    startup_stm32f103xb.o(RESET) refers to stm32f1xx_it.o(i.MemManage_Handler) for MemManage_Handler
    startup_stm32f103xb.o(RESET) refers to stm32f1xx_it.o(i.BusFault_Handler) for BusFault_Handler
    startup_stm32f103xb.o(RESET) refers to stm32f1xx_it.o(i.UsageFault_Handler) for UsageFault_Handler
    startup_stm32f103xb.o(RESET) refers to port.o(.emb_text) for SVC_Handler
    startup_stm32f103xb.o(RESET) refers to stm32f1xx_it.o(i.DebugMon_Handler) for DebugMon_Handler
    startup_stm32f103xb.o(RESET) refers to stm32f1xx_it.o(i.SysTick_Handler) for SysTick_Handler
    startup_stm32f103xb.o(RESET) refers to stm32f1xx_it.o(i.TIM2_IRQHandler) for TIM2_IRQHandler
    startup_stm32f103xb.o(RESET) refers to stm32f1xx_it.o(i.TIM3_IRQHandler) for TIM3_IRQHandler
    startup_stm32f103xb.o(.text) refers (Special) to heapauxi.o(.text) for __use_two_region_memory
    startup_stm32f103xb.o(.text) refers to system_stm32f1xx.o(i.SystemInit) for SystemInit
    startup_stm32f103xb.o(.text) refers to __main.o(!!!main) for __main
    startup_stm32f103xb.o(.text) refers to startup_stm32f103xb.o(HEAP) for Heap_Mem
    startup_stm32f103xb.o(.text) refers to startup_stm32f103xb.o(STACK) for Stack_Mem
    uart_stdio.o(i.UART_dataWrite) refers to uart_stdio.o(.bss) for .bss
    uart_stdio.o(i.UART_printf) refers to uart_stdio.o(i.UART_dataWrite) for UART_dataWrite
    uart_stdio.o(i.UART_printf) refers to uart_stdio.o(.constdata) for .constdata
    uart_stdio.o(i.UART_putc) refers to uart_stdio.o(.bss) for .bss
    uart_stdio.o(i.log_buffer_flush) refers to stm32f1xx_hal_uart.o(i.HAL_UART_Transmit) for HAL_UART_Transmit
    uart_stdio.o(i.log_buffer_flush) refers to uart_stdio.o(.bss) for .bss
    uart_stdio.o(i.log_buffer_flush) refers to uart_stdio.o(.data) for .data
    uart_stdio.o(i.uart_printf_init) refers to uart_stdio.o(.data) for .data
    uart_stdio.o(.constdata) refers to uart_stdio.o(.conststring) for .conststring
    main.o(i.HAL_TIM_PeriodElapsedCallback) refers to main.o(.data) for .data
    main.o(i.StartDefaultTask) refers to uart_stdio.o(i.UART_printf) for UART_printf
    main.o(i.StartDefaultTask) refers to cmsis_os2.o(i.osDelay) for osDelay
    main.o(i.StartDefaultTask) refers to main.o(.data) for .data
    main.o(i.StartTask02) refers to uart_stdio.o(i.log_buffer_flush) for log_buffer_flush
    main.o(i.StartTask02) refers to cmsis_os2.o(i.osDelay) for osDelay
    main.o(i.SystemClock_Config) refers to stm32f1xx_hal_rcc.o(i.HAL_RCC_OscConfig) for HAL_RCC_OscConfig
    main.o(i.SystemClock_Config) refers to stm32f1xx_hal_rcc.o(i.HAL_RCC_ClockConfig) for HAL_RCC_ClockConfig
    main.o(i.cpu_load) refers to uart_stdio.o(i.UART_printf) for UART_printf
    main.o(i.cpu_load) refers to stm32f1xx_hal_gpio.o(i.HAL_GPIO_WritePin) for HAL_GPIO_WritePin
    main.o(i.cpu_load) refers to rt_memclr_w.o(.text) for __aeabi_memclr4
    main.o(i.cpu_load) refers to tasks.o(i.vTaskGetRunTimeStats) for vTaskGetRunTimeStats
    main.o(i.cpu_load) refers to cmsis_os2.o(i.osDelay) for osDelay
    main.o(i.cpu_load) refers to main.o(.data) for .data
    main.o(i.getRunTimeCounterValue) refers to main.o(.data) for .data
    main.o(i.main) refers to stm32f1xx_hal.o(i.HAL_Init) for HAL_Init
    main.o(i.main) refers to stm32f1xx_hal_rcc.o(i.HAL_RCC_OscConfig) for HAL_RCC_OscConfig
    main.o(i.main) refers to stm32f1xx_hal_rcc.o(i.HAL_RCC_ClockConfig) for HAL_RCC_ClockConfig
    main.o(i.main) refers to stm32f1xx_hal_gpio.o(i.HAL_GPIO_WritePin) for HAL_GPIO_WritePin
    main.o(i.main) refers to stm32f1xx_hal_gpio.o(i.HAL_GPIO_Init) for HAL_GPIO_Init
    main.o(i.main) refers to stm32f1xx_hal_tim.o(i.HAL_TIM_Base_Init) for HAL_TIM_Base_Init
    main.o(i.main) refers to stm32f1xx_hal_tim.o(i.HAL_TIM_SlaveConfigSynchro) for HAL_TIM_SlaveConfigSynchro
    main.o(i.main) refers to stm32f1xx_hal_tim_ex.o(i.HAL_TIMEx_MasterConfigSynchronization) for HAL_TIMEx_MasterConfigSynchronization
    main.o(i.main) refers to stm32f1xx_hal_uart.o(i.HAL_UART_Init) for HAL_UART_Init
    main.o(i.main) refers to stm32f1xx_hal_tim.o(i.HAL_TIM_ConfigClockSource) for HAL_TIM_ConfigClockSource
[...]
    .ARM.Collect$$libshutdown$$00000011      0x08000170   Section        0  libshutdown2.o(.ARM.Collect$$libshutdown$$00000011)
    .ARM.Collect$$libshutdown$$00000012      0x08000170   Section        2  libshutdown2.o(.ARM.Collect$$libshutdown$$00000012)
    .ARM.Collect$$rtentry$$00000000          0x08000172   Section        0  __rtentry.o(.ARM.Collect$$rtentry$$00000000)
    .ARM.Collect$$rtentry$$00000002          0x08000172   Section        0  __rtentry2.o(.ARM.Collect$$rtentry$$00000002)
    .ARM.Collect$$rtentry$$00000004          0x08000172   Section        6  __rtentry4.o(.ARM.Collect$$rtentry$$00000004)
    .ARM.Collect$$rtentry$$00000009          0x08000178   Section        0  __rtentry2.o(.ARM.Collect$$rtentry$$00000009)
    .ARM.Collect$$rtentry$$0000000A          0x08000178   Section        4  __rtentry2.o(.ARM.Collect$$rtentry$$0000000A)
    .ARM.Collect$$rtentry$$0000000C          0x0800017c   Section        0  __rtentry2.o(.ARM.Collect$$rtentry$$0000000C)
    .ARM.Collect$$rtentry$$0000000D          0x0800017c   Section        8  __rtentry2.o(.ARM.Collect$$rtentry$$0000000D)
    .ARM.Collect$$rtexit$$00000000           0x08000184   Section        2  rtexit.o(.ARM.Collect$$rtexit$$00000000)
    .ARM.Collect$$rtexit$$00000002           0x08000186   Section        0  rtexit2.o(.ARM.Collect$$rtexit$$00000002)
    .ARM.Collect$$rtexit$$00000003           0x08000186   Section        4  rtexit2.o(.ARM.Collect$$rtexit$$00000003)
    .ARM.Collect$$rtexit$$00000004           0x0800018a   Section        6  rtexit2.o(.ARM.Collect$$rtexit$$00000004)
    .emb_text                                0x08000190   Section      150  port.o(.emb_text)
    .text                                    0x08000228   Section       64  startup_stm32f103xb.o(.text)
    .text                                    0x08000268   Section        0  noretval__2sprintf.o(.text)
    .text                                    0x08000290   Section        0  __printf.o(.text)
    .text                                    0x080002f8   Section        0  _printf_dec.o(.text)
    .text                                    0x08000370   Section        0  strcpy.o(.text)
    .text                                    0x080003b8   Section        0  strlen.o(.text)
    .text                                    0x080003f6   Section      138  rt_memcpy_v6.o(.text)
    .text                                    0x08000480   Section       16  aeabi_memset.o(.text)
    .text                                    0x08000490   Section       78  rt_memclr_w.o(.text)
    .text                                    0x080004de   Section        0  heapauxi.o(.text)
    .text                                    0x080004e4   Section        0  _printf_intcommon.o(.text)
    .text                                    0x08000598   Section        0  _printf_char_common.o(.text)
    _printf_input_char                       0x08000599   Thumb Code    10  _printf_char_common.o(.text)
    .text                                    0x080005c8   Section        0  _sputc.o(.text)
    .text                                    0x080005d2   Section      100  rt_memcpy_w.o(.text)
    .text                                    0x08000636   Section       68  rt_memclr.o(.text)
    .text                                    0x0800067a   Section       74  sys_stackheap_outer.o(.text)
    .text                                    0x080006c4   Section        0  exit.o(.text)
    .text                                    0x080006d8   Section        8  libspace.o(.text)
    .text                                    0x080006e0   Section        0  sys_exit.o(.text)
    .text                                    0x080006ec   Section        2  use_no_semi.o(.text)
    .text                                    0x080006ee   Section        0  indicate_semi.o(.text)
    i.BusFault_Handler                       0x080006ee   Section        0  stm32f1xx_it.o(i.BusFault_Handler)
    i.DebugMon_Handler                       0x080006f0   Section        0  stm32f1xx_it.o(i.DebugMon_Handler)
    i.HAL_GPIO_Init                          0x080006f4   Section        0  stm32f1xx_hal_gpio.o(i.HAL_GPIO_Init)
    i.HAL_GPIO_WritePin                      0x080008d8   Section        0  stm32f1xx_hal_gpio.o(i.HAL_GPIO_WritePin)
    i.HAL_GetTick                            0x080008e4   Section        0  stm32f1xx_hal.o(i.HAL_GetTick)
    i.HAL_IncTick                            0x080008f0   Section        0  stm32f1xx_hal.o(i.HAL_IncTick)
    i.HAL_Init                               0x08000900   Section        0  stm32f1xx_hal.o(i.HAL_Init)
    i.HAL_InitTick                           0x08000924   Section        0  stm32f1xx_hal.o(i.HAL_InitTick)
    i.HAL_MspInit                            0x08000964   Section        0  stm32f1xx_hal_msp.o(i.HAL_MspInit)
    i.HAL_NVIC_EnableIRQ                     0x080009ac   Section        0  stm32f1xx_hal_cortex.o(i.HAL_NVIC_EnableIRQ)
    i.HAL_NVIC_SetPriority                   0x080009cc   Section        0  stm32f1xx_hal_cortex.o(i.HAL_NVIC_SetPriority)
    i.HAL_NVIC_SetPriorityGrouping           0x08000a30   Section        0  stm32f1xx_hal_cortex.o(i.HAL_NVIC_SetPriorityGrouping)
    i.HAL_RCC_ClockConfig                    0x08000a54   Section        0  stm32f1xx_hal_rcc.o(i.HAL_RCC_ClockConfig)
    i.HAL_RCC_GetPCLK1Freq                   0x08000c00   Section        0  stm32f1xx_hal_rcc.o(i.HAL_RCC_GetPCLK1Freq)
    i.HAL_RCC_GetPCLK2Freq                   0x08000c20   Section        0  stm32f1xx_hal_rcc.o(i.HAL_RCC_GetPCLK2Freq)
    i.HAL_RCC_OscConfig                      0x08000c40   Section        0  stm32f1xx_hal_rcc.o(i.HAL_RCC_OscConfig)
    i.HAL_SYSTICK_Config                     0x08001008   Section        0  stm32f1xx_hal_cortex.o(i.HAL_SYSTICK_Config)
    i.HAL_TIMEx_BreakCallback                0x08001034   Section        0  stm32f1xx_hal_tim_ex.o(i.HAL_TIMEx_BreakCallback)
    i.HAL_TIMEx_CommutCallback               0x08001036   Section        0  stm32f1xx_hal_tim_ex.o(i.HAL_TIMEx_CommutCallback)
    i.HAL_TIMEx_MasterConfigSynchronization  0x08001038   Section        0  stm32f1xx_hal_tim_ex.o(i.HAL_TIMEx_MasterConfigSynchronization)
    i.HAL_TIM_Base_Init                      0x080010a6   Section        0  stm32f1xx_hal_tim.o(i.HAL_TIM_Base_Init)
    i.HAL_TIM_Base_MspInit                   0x08001100   Section        0  stm32f1xx_hal_msp.o(i.HAL_TIM_Base_MspInit)
    i.HAL_TIM_Base_Start_IT                  0x08001180   Section        0  stm32f1xx_hal_tim.o(i.HAL_TIM_Base_Start_IT)
    i.HAL_TIM_ConfigClockSource              0x080011d8   Section        0  stm32f1xx_hal_tim.o(i.HAL_TIM_ConfigClockSource)
    i.HAL_TIM_IC_CaptureCallback             0x08001346   Section        0  stm32f1xx_hal_tim.o(i.HAL_TIM_IC_CaptureCallback)
    i.HAL_TIM_IRQHandler                     0x08001348   Section        0  stm32f1xx_hal_tim.o(i.HAL_TIM_IRQHandler)
    i.HAL_TIM_OC_DelayElapsedCallback        0x080014b4   Section        0  stm32f1xx_hal_tim.o(i.HAL_TIM_OC_DelayElapsedCallback)
    i.HAL_TIM_PWM_PulseFinishedCallback      0x080014b6   Section        0  stm32f1xx_hal_tim.o(i.HAL_TIM_PWM_PulseFinishedCallback)
    i.HAL_TIM_PeriodElapsedCallback          0x080014b8   Section        0  main.o(i.HAL_TIM_PeriodElapsedCallback)
    i.HAL_TIM_SlaveConfigSynchro             0x080014f0   Section        0  stm32f1xx_hal_tim.o(i.HAL_TIM_SlaveConfigSynchro)
    i.HAL_TIM_TriggerCallback                0x08001546   Section        0  stm32f1xx_hal_tim.o(i.HAL_TIM_TriggerCallback)
    i.HAL_UART_Init                          0x08001548   Section        0  stm32f1xx_hal_uart.o(i.HAL_UART_Init)
    i.HAL_UART_MspInit                       0x080015ac   Section        0  stm32f1xx_hal_msp.o(i.HAL_UART_MspInit)
    i.HAL_UART_Transmit                      0x08001620   Section        0  stm32f1xx_hal_uart.o(i.HAL_UART_Transmit)
    i.HardFault_Handler                      0x08001770   Section        0  stm32f1xx_it.o(i.HardFault_Handler)
    i.MemManage_Handler                      0x08001772   Section        0  stm32f1xx_it.o(i.MemManage_Handler)
    i.NMI_Handler                            0x08001774   Section        0  stm32f1xx_it.o(i.NMI_Handler)
    i.StartDefaultTask                       0x08001778   Section        0  main.o(i.StartDefaultTask)
    i.StartTask02                            0x080017dc   Section        0  main.o(i.StartTask02)
    i.SysTick_Handler                        0x080017ea   Section        0  stm32f1xx_it.o(i.SysTick_Handler)
    i.SystemInit                             0x08001802   Section        0  system_stm32f1xx.o(i.SystemInit)
    i.TIM2_IRQHandler                        0x08001804   Section        0  stm32f1xx_it.o(i.TIM2_IRQHandler)
    i.TIM3_IRQHandler                        0x08001810   Section        0  stm32f1xx_it.o(i.TIM3_IRQHandler)
    i.TIM_Base_SetConfig                     0x0800181c   Section        0  stm32f1xx_hal_tim.o(i.TIM_Base_SetConfig)
    i.TIM_SlaveTimer_SetConfig               0x08001894   Section        0  stm32f1xx_hal_tim.o(i.TIM_SlaveTimer_SetConfig)
    TIM_SlaveTimer_SetConfig                 0x08001895   Thumb Code   230  stm32f1xx_hal_tim.o(i.TIM_SlaveTimer_SetConfig)
    i.UART_SetConfig                         0x0800197c   Section        0  stm32f1xx_hal_uart.o(i.UART_SetConfig)
    UART_SetConfig                           0x0800197d   Thumb Code   198  stm32f1xx_hal_uart.o(i.UART_SetConfig)
    i.UART_dataWrite                         0x08001a48   Section        0  uart_stdio.o(i.UART_dataWrite)
    i.UART_printf                            0x08001ab0   Section        0  uart_stdio.o(i.UART_printf)
    i.UsageFault_Handler                     0x08001d30   Section        0  stm32f1xx_it.o(i.UsageFault_Handler)
    i.configureTimerForRunTimeStats          0x08001d32   Section        0  freertos.o(i.configureTimerForRunTimeStats)
    i.cpu_load                               0x08001d34   Section        0  main.o(i.cpu_load)
    i.eTaskGetState                          0x08001de0   Section        0  tasks.o(i.eTaskGetState)
    i.getRunTimeCounterValue                 0x08001e4c   Section        0  main.o(i.getRunTimeCounterValue)
    i.log_buffer_flush                       0x08001e58   Section        0  uart_stdio.o(i.log_buffer_flush)
    i.main                                   0x08001eb0   Section        0  main.o(i.main)
    i.osDelay                                0x08002100   Section        0  cmsis_os2.o(i.osDelay)
    i.osKernelInitialize                     0x08002138   Section        0  cmsis_os2.o(i.osKernelInitialize)
    i.osKernelStart                          0x08002170   Section        0  cmsis_os2.o(i.osKernelStart)
    i.osThreadNew                            0x080021b0   Section        0  cmsis_os2.o(i.osThreadNew)
    i.prvAddCurrentTaskToDelayedList         0x08002290   Section        0  tasks.o(i.prvAddCurrentTaskToDelayedList)
    prvAddCurrentTaskToDelayedList           0x08002291   Thumb Code    88  tasks.o(i.prvAddCurrentTaskToDelayedList)
    i.prvAddNewTaskToReadyList               0x080022f0   Section        0  tasks.o(i.prvAddNewTaskToReadyList)
    prvAddNewTaskToReadyList                 0x080022f1   Thumb Code   124  tasks.o(i.prvAddNewTaskToReadyList)
    i.prvCheckForValidListAndQueue           0x08002378   Section        0  timers.o(i.prvCheckForValidListAndQueue)
    prvCheckForValidListAndQueue             0x08002379   Thumb Code    68  timers.o(i.prvCheckForValidListAndQueue)
    i.prvCheckTasksWaitingTermination        0x080023d4   Section        0  tasks.o(i.prvCheckTasksWaitingTermination)
    prvCheckTasksWaitingTermination          0x080023d5   Thumb Code    56  tasks.o(i.prvCheckTasksWaitingTermination)
    i.prvCopyDataFromQueue                   0x08002414   Section        0  queue.o(i.prvCopyDataFromQueue)
    prvCopyDataFromQueue                     0x08002415   Thumb Code    36  queue.o(i.prvCopyDataFromQueue)
    i.prvCopyDataToQueue                     0x08002438   Section        0  queue.o(i.prvCopyDataToQueue)
    prvCopyDataToQueue                       0x08002439   Thumb Code   110  queue.o(i.prvCopyDataToQueue)
    i.prvDeleteTCB                           0x080024a6   Section        0  tasks.o(i.prvDeleteTCB)
    prvDeleteTCB                             0x080024a7   Thumb Code    64  tasks.o(i.prvDeleteTCB)
    i.prvGetNextExpireTime                   0x080024e8   Section        0  timers.o(i.prvGetNextExpireTime)
    prvGetNextExpireTime                     0x080024e9   Thumb Code    30  timers.o(i.prvGetNextExpireTime)
    i.prvHeapInit                            0x0800250c   Section        0  heap_4.o(i.prvHeapInit)
    prvHeapInit                              0x0800250d   Thumb Code    70  heap_4.o(i.prvHeapInit)
    i.prvIdleTask                            0x0800255c   Section        0  tasks.o(i.prvIdleTask)
    prvIdleTask                              0x0800255d   Thumb Code    34  tasks.o(i.prvIdleTask)
    i.prvInitialiseNewQueue                  0x08002588   Section        0  queue.o(i.prvInitialiseNewQueue)
    prvInitialiseNewQueue                    0x08002589   Thumb Code    34  queue.o(i.prvInitialiseNewQueue)
    i.prvInitialiseNewTask                   0x080025aa   Section        0  tasks.o(i.prvInitialiseNewTask)
    prvInitialiseNewTask                     0x080025ab   Thumb Code   144  tasks.o(i.prvInitialiseNewTask)
    i.prvInitialiseTaskLists                 0x0800263c   Section        0  tasks.o(i.prvInitialiseTaskLists)
    prvInitialiseTaskLists                   0x0800263d   Thumb Code    66  tasks.o(i.prvInitialiseTaskLists)
    i.prvInsertBlockIntoFreeList             0x0800269c   Section        0  heap_4.o(i.prvInsertBlockIntoFreeList)
    prvInsertBlockIntoFreeList               0x0800269d   Thumb Code    84  heap_4.o(i.prvInsertBlockIntoFreeList)
    i.prvInsertTimerInActiveList             0x080026f8   Section        0  timers.o(i.prvInsertTimerInActiveList)
    prvInsertTimerInActiveList               0x080026f9   Thumb Code    66  timers.o(i.prvInsertTimerInActiveList)
    i.prvIsQueueEmpty                        0x08002740   Section        0  queue.o(i.prvIsQueueEmpty)
    prvIsQueueEmpty                          0x08002741   Thumb Code    26  queue.o(i.prvIsQueueEmpty)
    i.prvIsQueueFull                         0x0800275a   Section        0  queue.o(i.prvIsQueueFull)
    prvIsQueueFull                           0x0800275b   Thumb Code    30  queue.o(i.prvIsQueueFull)
    i.prvListTasksWithinSingleList           0x08002778   Section        0  tasks.o(i.prvListTasksWithinSingleList)
    prvListTasksWithinSingleList             0x08002779   Thumb Code    96  tasks.o(i.prvListTasksWithinSingleList)
    i.prvProcessExpiredTimer                 0x080027d8   Section        0  timers.o(i.prvProcessExpiredTimer)
    prvProcessExpiredTimer                   0x080027d9   Thumb Code    88  timers.o(i.prvProcessExpiredTimer)
    i.prvProcessReceivedCommands             0x08002834   Section        0  timers.o(i.prvProcessReceivedCommands)
    prvProcessReceivedCommands               0x08002835   Thumb Code   210  timers.o(i.prvProcessReceivedCommands)
    i.prvProcessTimerOrBlockTask             0x0800290c   Section        0  timers.o(i.prvProcessTimerOrBlockTask)
    prvProcessTimerOrBlockTask               0x0800290d   Thumb Code   100  timers.o(i.prvProcessTimerOrBlockTask)
    i.prvResetNextTaskUnblockTime            0x08002978   Section        0  tasks.o(i.prvResetNextTaskUnblockTime)
    prvResetNextTaskUnblockTime              0x08002979   Thumb Code    30  tasks.o(i.prvResetNextTaskUnblockTime)
    i.prvSampleTimeNow                       0x0800299c   Section        0  timers.o(i.prvSampleTimeNow)
    prvSampleTimeNow                         0x0800299d   Thumb Code    38  timers.o(i.prvSampleTimeNow)
    i.prvSwitchTimerLists                    0x080029c8   Section        0  timers.o(i.prvSwitchTimerLists)
    prvSwitchTimerLists                      0x080029c9   Thumb Code   112  timers.o(i.prvSwitchTimerLists)
    i.prvTaskCheckFreeStackSpace             0x08002a3c   Section        0  tasks.o(i.prvTaskCheckFreeStackSpace)
    prvTaskCheckFreeStackSpace               0x08002a3d   Thumb Code    24  tasks.o(i.prvTaskCheckFreeStackSpace)
    i.prvTaskExitError                       0x08002a54   Section        0  port.o(i.prvTaskExitError)
    prvTaskExitError                         0x08002a55   Thumb Code    42  port.o(i.prvTaskExitError)
    i.prvTimerTask                           0x08002a84   Section        0  timers.o(i.prvTimerTask)
    prvTimerTask                             0x08002a85   Thumb Code    20  timers.o(i.prvTimerTask)
    i.prvUnlockQueue                         0x08002a98   Section        0  queue.o(i.prvUnlockQueue)
    prvUnlockQueue                           0x08002a99   Thumb Code   104  queue.o(i.prvUnlockQueue)
    i.prvWriteNameToBuffer                   0x08002b00   Section        0  tasks.o(i.prvWriteNameToBuffer)
    prvWriteNameToBuffer                     0x08002b01   Thumb Code    38  tasks.o(i.prvWriteNameToBuffer)
    i.pvPortMalloc                           0x08002b28   Section        0  heap_4.o(i.pvPortMalloc)
    i.pxPortInitialiseStack                  0x08002c0c   Section        0  port.o(i.pxPortInitialiseStack)
    i.uart_printf_init                       0x08002c30   Section        0  uart_stdio.o(i.uart_printf_init)
    i.uxListRemove                           0x08002c40   Section        0  list.o(i.uxListRemove)
    i.uxTaskGetSystemState                   0x08002c68   Section        0  tasks.o(i.uxTaskGetSystemState)
    i.vApplicationGetIdleTaskMemory          0x08002d18   Section        0  cmsis_os2.o(i.vApplicationGetIdleTaskMemory)
    i.vApplicationGetTimerTaskMemory         0x08002d2c   Section        0  cmsis_os2.o(i.vApplicationGetTimerTaskMemory)
    i.vApplicationIdleHook                   0x08002d44   Section        0  freertos.o(i.vApplicationIdleHook)
    i.vListInitialise                        0x08002d46   Section        0  list.o(i.vListInitialise)
    i.vListInitialiseItem                    0x08002d5c   Section        0  list.o(i.vListInitialiseItem)
    i.vListInsert                            0x08002d62   Section        0  list.o(i.vListInsert)
    i.vListInsertEnd                         0x08002d98   Section        0  list.o(i.vListInsertEnd)
    i.vPortEnterCritical                     0x08002db0   Section        0  port.o(i.vPortEnterCritical)
    i.vPortExitCritical                      0x08002df0   Section        0  port.o(i.vPortExitCritical)
    i.vPortFree                              0x08002e1c   Section        0  heap_4.o(i.vPortFree)
    i.vPortSetupTimerInterrupt               0x08002e78   Section        0  port.o(i.vPortSetupTimerInterrupt)
    i.vPortValidateInterruptPriority         0x08002e9c   Section        0  port.o(i.vPortValidateInterruptPriority)
    i.vQueueAddToRegistry                    0x08002ef0   Section        0  queue.o(i.vQueueAddToRegistry)
    i.vQueueWaitForMessageRestricted         0x08002f18   Section        0  queue.o(i.vQueueWaitForMessageRestricted)
    i.vTaskDelay                             0x08002f64   Section        0  tasks.o(i.vTaskDelay)
    i.vTaskGetInfo                           0x08002fb4   Section        0  tasks.o(i.vTaskGetInfo)
    i.vTaskGetRunTimeStats                   0x0800302c   Section        0  tasks.o(i.vTaskGetRunTimeStats)
    i.vTaskInternalSetTimeOutState           0x080030fc   Section        0  tasks.o(i.vTaskInternalSetTimeOutState)
    i.vTaskMissedYield                       0x0800310c   Section        0  tasks.o(i.vTaskMissedYield)
    i.vTaskPlaceOnEventList                  0x08003118   Section        0  tasks.o(i.vTaskPlaceOnEventList)
    i.vTaskPlaceOnEventListRestricted        0x0800314c   Section        0  tasks.o(i.vTaskPlaceOnEventListRestricted)
    i.vTaskStartScheduler                    0x08003188   Section        0  tasks.o(i.vTaskStartScheduler)
    i.vTaskSuspendAll                        0x0800321c   Section        0  tasks.o(i.vTaskSuspendAll)
    i.vTaskSwitchContext                     0x0800322c   Section        0  tasks.o(i.vTaskSwitchContext)
    i.xPortStartScheduler                    0x080032b4   Section        0  port.o(i.xPortStartScheduler)
    i.xPortSysTickHandler                    0x08003368   Section        0  port.o(i.xPortSysTickHandler)
    i.xQueueGenericCreateStatic              0x08003394   Section        0  queue.o(i.xQueueGenericCreateStatic)
    i.xQueueGenericReset                     0x08003404   Section        0  queue.o(i.xQueueGenericReset)
    i.xQueueGenericSend                      0x08003494   Section        0  queue.o(i.xQueueGenericSend)
    i.xQueueGenericSendFromISR               0x08003604   Section        0  queue.o(i.xQueueGenericSendFromISR)
    i.xQueueReceive                          0x080036c0   Section        0  queue.o(i.xQueueReceive)
    i.xTaskCheckForTimeOut                   0x08003808   Section        0  tasks.o(i.xTaskCheckForTimeOut)
    i.xTaskCreate                            0x08003888   Section        0  tasks.o(i.xTaskCreate)
    i.xTaskCreateStatic                      0x080038f4   Section        0  tasks.o(i.xTaskCreateStatic)
    i.xTaskGetSchedulerState                 0x08003954   Section        0  tasks.o(i.xTaskGetSchedulerState)
    i.xTaskGetTickCount                      0x08003970   Section        0  tasks.o(i.xTaskGetTickCount)
    i.xTaskIncrementTick                     0x0800397c   Section        0  tasks.o(i.xTaskIncrementTick)
    i.xTaskPriorityDisinherit                0x08003a48   Section        0  tasks.o(i.xTaskPriorityDisinherit)
    i.xTaskRemoveFromEventList               0x08003ac8   Section        0  tasks.o(i.xTaskRemoveFromEventList)
    i.xTaskResumeAll                         0x08003b40   Section        0  tasks.o(i.xTaskResumeAll)
    i.xTimerCreateTimerTask                  0x08003c0c   Section        0  timers.o(i.xTimerCreateTimerTask)
    i.xTimerGenericCommand                   0x08003c74   Section        0  timers.o(i.xTimerGenericCommand)
    .constdata                               0x08003ce8   Section        4  uart_stdio.o(.constdata)
    g_pcHex                                  0x08003ce8   Data           4  uart_stdio.o(.constdata)
    .constdata                               0x08003cec   Section      108  main.o(.constdata)
    .constdata                               0x08003d58   Section       18  stm32f1xx_hal_rcc.o(.constdata)
    aPredivFactorTable                       0x08003d58   Data           2  stm32f1xx_hal_rcc.o(.constdata)
    aPLLMULFactorTable                       0x08003d5a   Data          16  stm32f1xx_hal_rcc.o(.constdata)
    .constdata                               0x08003d6a   Section       16  system_stm32f1xx.o(.constdata)
    .constdata                               0x08003d7a   Section        8  system_stm32f1xx.o(.constdata)
    .conststring                             0x08003d84   Section       17  uart_stdio.o(.conststring)
    .conststring                             0x08003d98   Section       36  main.o(.conststring)
    .data                                    0x20000000   Section        4  uart_stdio.o(.data)
    s_uart_handle                            0x20000000   Data           4  uart_stdio.o(.data)
    .data                                    0x20000004   Section       20  main.o(.data)
    .data                                    0x20000018   Section       12  stm32f1xx_hal.o(.data)
    .data                                    0x20000024   Section        4  system_stm32f1xx.o(.data)
    .data                                    0x20000028   Section       68  tasks.o(.data)
    pxDelayedTaskList                        0x2000002c   Data           4  tasks.o(.data)
    pxOverflowDelayedTaskList                0x20000030   Data           4  tasks.o(.data)
    uxDeletedTasksWaitingCleanUp             0x20000034   Data           4  tasks.o(.data)
    uxCurrentNumberOfTasks                   0x20000038   Data           4  tasks.o(.data)
    xTickCount                               0x2000003c   Data           4  tasks.o(.data)
    uxTopReadyPriority                       0x20000040   Data           4  tasks.o(.data)
    xSchedulerRunning                        0x20000044   Data           4  tasks.o(.data)
    uxPendedTicks                            0x20000048   Data           4  tasks.o(.data)
    xYieldPending                            0x2000004c   Data           4  tasks.o(.data)
    xNumOfOverflows                          0x20000050   Data           4  tasks.o(.data)
    uxTaskNumber                             0x20000054   Data           4  tasks.o(.data)
    xNextTaskUnblockTime                     0x20000058   Data           4  tasks.o(.data)
    xIdleTaskHandle                          0x2000005c   Data           4  tasks.o(.data)
    uxSchedulerSuspended                     0x20000060   Data           4  tasks.o(.data)
    ulTaskSwitchedInTime                     0x20000064   Data           4  tasks.o(.data)
    ulTotalRunTime                           0x20000068   Data           4  tasks.o(.data)
    .data                                    0x2000006c   Section       20  timers.o(.data)
    pxCurrentTimerList                       0x2000006c   Data           4  timers.o(.data)
    pxOverflowTimerList                      0x20000070   Data           4  timers.o(.data)
    xTimerQueue                              0x20000074   Data           4  timers.o(.data)
    xTimerTaskHandle                         0x20000078   Data           4  timers.o(.data)
    xLastTime                                0x2000007c   Data           4  timers.o(.data)
    .data                                    0x20000080   Section        4  cmsis_os2.o(.data)
    KernelState                              0x20000080   Data           4  cmsis_os2.o(.data)
    .data                                    0x20000084   Section       24  heap_4.o(.data)
    pxEnd                                    0x20000084   Data           4  heap_4.o(.data)
    xFreeBytesRemaining                      0x20000088   Data           4  heap_4.o(.data)
    xMinimumEverFreeBytesRemaining           0x2000008c   Data           4  heap_4.o(.data)
    xBlockAllocatedBit                       0x20000090   Data           4  heap_4.o(.data)
    xStart                                   0x20000094   Data           8  heap_4.o(.data)
    .data                                    0x2000009c   Section       12  port.o(.data)
    ucMaxSysCallPriority                     0x2000009c   Data           1  port.o(.data)
    uxCriticalNesting                        0x200000a0   Data           4  port.o(.data)
    ulMaxPRIGROUPValue                       0x200000a4   Data           4  port.o(.data)
    .bss                                     0x200000a8   Section     1028  uart_stdio.o(.bss)
    .bss                                     0x200004ac   Section      288  main.o(.bss)
    .bss                                     0x200005cc   Section       64  queue.o(.bss)
    .bss                                     0x2000060c   Section     1220  tasks.o(.bss)
    pxReadyTasksLists                        0x2000060c   Data        1120  tasks.o(.bss)
    xDelayedTaskList1                        0x20000a6c   Data          20  tasks.o(.bss)
    xDelayedTaskList2                        0x20000a80   Data          20  tasks.o(.bss)
    xPendingReadyList                        0x20000a94   Data          20  tasks.o(.bss)
    xTasksWaitingTermination                 0x20000aa8   Data          20  tasks.o(.bss)
    xSuspendedTaskList                       0x20000abc   Data          20  tasks.o(.bss)
    .bss                                     0x20000ad0   Section      280  timers.o(.bss)
    xActiveTimerList1                        0x20000ad0   Data          20  timers.o(.bss)
    xActiveTimerList2                        0x20000ae4   Data          20  timers.o(.bss)
    xStaticTimerQueue                        0x20000af8   Data          80  timers.o(.bss)
    ucStaticTimerQueueStorage                0x20000b48   Data         160  timers.o(.bss)
    .bss                                     0x20000be8   Section     1728  cmsis_os2.o(.bss)
    Idle_TCB                                 0x20000be8   Data          96  cmsis_os2.o(.bss)
    Idle_Stack                               0x20000c48   Data         512  cmsis_os2.o(.bss)
    Timer_TCB                                0x20000e48   Data          96  cmsis_os2.o(.bss)
    Timer_Stack                              0x20000ea8   Data        1024  cmsis_os2.o(.bss)
    .bss                                     0x200012a8   Section     3072  heap_4.o(.bss)
    ucHeap                                   0x200012a8   Data        3072  heap_4.o(.bss)
    .bss                                     0x20001ea8   Section       96  libspace.o(.bss)
    HEAP                                     0x20001f08   Section      512  startup_stm32f103xb.o(HEAP)
    Heap_Mem                                 0x20001f08   Data         512  startup_stm32f103xb.o(HEAP)
    STACK                                    0x20002108   Section     1024  startup_stm32f103xb.o(STACK)
    Stack_Mem                                0x20002108   Data        1024  startup_stm32f103xb.o(STACK)
    __initial_sp                             0x20002508   Data           0  startup_stm32f103xb.o(STACK)

    Global Symbols

    Symbol Name                              Value     Ov Type        Size  Object(Section)

    BuildAttributes$$THM_ISAv4$P$D$K$B$S$PE$A:L22UL41UL21$X:L11$S22US41US21$IEEE1$IW$USESV6$~STKCKD$USESV7$~SHL$OTIME$ROPI$EBA8$UX$STANDARDLIB$REQ8$PRES8$EABIv2 0x00000000   Number         0  anon$$obj.o ABSOLUTE
    __ARM_use_no_argv                        0x00000000   Number         0  main.o ABSOLUTE
    __ARM_exceptions_init                     - Undefined Weak Reference
    __alloca_initialize                       - Undefined Weak Reference
    __arm_fini_                               - Undefined Weak Reference
    __arm_preinit_                            - Undefined Weak Reference
    __cpp_initialize__aeabi_                  - Undefined Weak Reference
    __cxa_finalize                            - Undefined Weak Reference
    __rt_locale                               - Undefined Weak Reference
    __sigvec_lookup                           - Undefined Weak Reference
    _atexit_init                              - Undefined Weak Reference
    _call_atexit_fns                          - Undefined Weak Reference
    _clock_init                               - Undefined Weak Reference
    _fp_trap_init                             - Undefined Weak Reference
    _fp_trap_shutdown                         - Undefined Weak Reference
    _get_lc_collate                           - Undefined Weak Reference
    _get_lc_ctype                             - Undefined Weak Reference
    _get_lc_monetary                          - Undefined Weak Reference
    _get_lc_numeric                           - Undefined Weak Reference
    _get_lc_time                              - Undefined Weak Reference
    _getenv_init                              - Undefined Weak Reference
    _handle_redirection                       - Undefined Weak Reference
    _init_alloc                               - Undefined Weak Reference
    _init_user_alloc                          - Undefined Weak Reference
    _initio                                   - Undefined Weak Reference
    _printf_mbtowc                            - Undefined Weak Reference
    _printf_post_padding                      - Undefined Weak Reference
    _printf_pre_padding                       - Undefined Weak Reference
    _printf_truncate_signed                   - Undefined Weak Reference
    _printf_truncate_unsigned                 - Undefined Weak Reference
    _rand_init                                - Undefined Weak Reference
    _signal_finish                            - Undefined Weak Reference
    _signal_init                              - Undefined Weak Reference
    _terminate_alloc                          - Undefined Weak Reference
    _terminate_user_alloc                     - Undefined Weak Reference
    _terminateio                              - Undefined Weak Reference
    __Vectors_Size                           0x000000ec   Number         0  startup_stm32f103xb.o ABSOLUTE
    __Vectors                                0x08000000   Data           4  startup_stm32f103xb.o(RESET)
    __Vectors_End                            0x080000ec   Data           0  startup_stm32f103xb.o(RESET)
    __main                                   0x080000ed   Thumb Code     8  __main.o(!!!main)
    __scatterload                            0x080000f5   Thumb Code     0  __scatter.o(!!!scatter)
    __scatterload_rt2                        0x080000f5   Thumb Code    44  __scatter.o(!!!scatter)
    __scatterload_rt2_thumb_only             0x080000f5   Thumb Code     0  __scatter.o(!!!scatter)
    __scatterload_null                       0x08000103   Thumb Code     0  __scatter.o(!!!scatter)
    __scatterload_copy                       0x08000129   Thumb Code    26  __scatter_copy.o(!!handler_copy)
    __scatterload_zeroinit                   0x08000145   Thumb Code    28  __scatter_zi.o(!!handler_zi)
    _printf_percent                          0x08000161   Thumb Code     0  _printf_percent.o(.ARM.Collect$$_printf_percent$$00000000)
    _printf_u                                0x08000161   Thumb Code     0  _printf_u.o(.ARM.Collect$$_printf_percent$$0000000A)
    _printf_percent_end                      0x08000167   Thumb Code     0  _printf_percent_end.o(.ARM.Collect$$_printf_percent$$00000017)
    __rt_lib_init                            0x0800016b   Thumb Code     0  libinit.o(.ARM.Collect$$libinit$$00000000)
    __rt_lib_init_alloca_1                   0x0800016d   Thumb Code     0  libinit2.o(.ARM.Collect$$libinit$$0000002E)
    __rt_lib_init_argv_1                     0x0800016d   Thumb Code     0  libinit2.o(.ARM.Collect$$libinit$$0000002C)
    __rt_lib_init_atexit_1                   0x0800016d   Thumb Code     0  libinit2.o(.ARM.Collect$$libinit$$0000001B)
    __rt_lib_init_clock_1                    0x0800016d   Thumb Code     0  libinit2.o(.ARM.Collect$$libinit$$00000021)
    __rt_lib_init_cpp_1                      0x0800016d   Thumb Code     0  libinit2.o(.ARM.Collect$$libinit$$00000032)
    __rt_lib_init_exceptions_1               0x0800016d   Thumb Code     0  libinit2.o(.ARM.Collect$$libinit$$00000030)
    __rt_lib_init_fp_1                       0x0800016d   Thumb Code     0  libinit2.o(.ARM.Collect$$libinit$$00000002)
    __rt_lib_init_fp_trap_1                  0x0800016d   Thumb Code     0  libinit2.o(.ARM.Collect$$libinit$$0000001F)
    __rt_lib_init_getenv_1                   0x0800016d   Thumb Code     0  libinit2.o(.ARM.Collect$$libinit$$00000023)
    __rt_lib_init_heap_1                     0x0800016d   Thumb Code     0  libinit2.o(.ARM.Collect$$libinit$$0000000A)
    __rt_lib_init_lc_collate_1               0x0800016d   Thumb Code     0  libinit2.o(.ARM.Collect$$libinit$$00000011)
    __rt_lib_init_lc_ctype_1                 0x0800016d   Thumb Code     0  libinit2.o(.ARM.Collect$$libinit$$00000013)
    __rt_lib_init_lc_monetary_1              0x0800016d   Thumb Code     0  libinit2.o(.ARM.Collect$$libinit$$00000015)
    __rt_lib_init_lc_numeric_1               0x0800016d   Thumb Code     0  libinit2.o(.ARM.Collect$$libinit$$00000017)
    __rt_lib_init_lc_time_1                  0x0800016d   Thumb Code     0  libinit2.o(.ARM.Collect$$libinit$$00000019)
    __rt_lib_init_preinit_1                  0x0800016d   Thumb Code     0  libinit2.o(.ARM.Collect$$libinit$$00000004)
    __rt_lib_init_rand_1                     0x0800016d   Thumb Code     0  libinit2.o(.ARM.Collect$$libinit$$0000000E)
    __rt_lib_init_return                     0x0800016d   Thumb Code     0  libinit2.o(.ARM.Collect$$libinit$$00000033)
    __rt_lib_init_signal_1                   0x0800016d   Thumb Code     0  libinit2.o(.ARM.Collect$$libinit$$0000001D)
    __rt_lib_init_stdio_1                    0x0800016d   Thumb Code     0  libinit2.o(.ARM.Collect$$libinit$$00000025)
    __rt_lib_init_user_alloc_1               0x0800016d   Thumb Code     0  libinit2.o(.ARM.Collect$$libinit$$0000000C)
    __rt_lib_shutdown                        0x0800016f   Thumb Code     0  libshutdown.o(.ARM.Collect$$libshutdown$$00000000)
    __rt_lib_shutdown_cpp_1                  0x08000171   Thumb Code     0  libshutdown2.o(.ARM.Collect$$libshutdown$$00000004)
    __rt_lib_shutdown_fini_1                 0x08000171   Thumb Code     0  libshutdown2.o(.ARM.Collect$$libshutdown$$00000002)
    __rt_lib_shutdown_fp_trap_1              0x08000171   Thumb Code     0  libshutdown2.o(.ARM.Collect$$libshutdown$$00000009)
    __rt_lib_shutdown_heap_1                 0x08000171   Thumb Code     0  libshutdown2.o(.ARM.Collect$$libshutdown$$00000011)
    __rt_lib_shutdown_return                 0x08000171   Thumb Code     0  libshutdown2.o(.ARM.Collect$$libshutdown$$00000012)
    __rt_lib_shutdown_signal_1               0x08000171   Thumb Code     0  libshutdown2.o(.ARM.Collect$$libshutdown$$0000000C)
    __rt_lib_shutdown_stdio_1                0x08000171   Thumb Code     0  libshutdown2.o(.ARM.Collect$$libshutdown$$00000006)
    __rt_lib_shutdown_user_alloc_1           0x08000171   Thumb Code     0  libshutdown2.o(.ARM.Collect$$libshutdown$$0000000E)
    __rt_entry                               0x08000173   Thumb Code     0  __rtentry.o(.ARM.Collect$$rtentry$$00000000)
    __rt_entry_presh_1                       0x08000173   Thumb Code     0  __rtentry2.o(.ARM.Collect$$rtentry$$00000002)
    __rt_entry_sh                            0x08000173   Thumb Code     0  __rtentry4.o(.ARM.Collect$$rtentry$$00000004)
    __rt_entry_li                            0x08000179   Thumb Code     0  __rtentry2.o(.ARM.Collect$$rtentry$$0000000A)
    __rt_entry_postsh_1                      0x08000179   Thumb Code     0  __rtentry2.o(.ARM.Collect$$rtentry$$00000009)
    __rt_entry_main                          0x0800017d   Thumb Code     0  __rtentry2.o(.ARM.Collect$$rtentry$$0000000D)
    __rt_entry_postli_1                      0x0800017d   Thumb Code     0  __rtentry2.o(.ARM.Collect$$rtentry$$0000000C)
    __rt_exit                                0x08000185   Thumb Code     0  rtexit.o(.ARM.Collect$$rtexit$$00000000)
    __rt_exit_ls                             0x08000187   Thumb Code     0  rtexit2.o(.ARM.Collect$$rtexit$$00000003)
    __rt_exit_prels_1                        0x08000187   Thumb Code     0  rtexit2.o(.ARM.Collect$$rtexit$$00000002)
    __rt_exit_exit                           0x0800018b   Thumb Code     0  rtexit2.o(.ARM.Collect$$rtexit$$00000004)
    SVC_Handler                              0x08000191   Thumb Code    32  port.o(.emb_text)
    __asm___6_port_c_39a90d8d__prvStartFirstTask 0x080001b5   Thumb Code    28  port.o(.emb_text)
    PendSV_Handler                           0x080001d5   Thumb Code    72  port.o(.emb_text)
    vPortGetIPSR                             0x08000221   Thumb Code     6  port.o(.emb_text)
    Reset_Handler                            0x08000229   Thumb Code     8  startup_stm32f103xb.o(.text)
    ADC1_2_IRQHandler                        0x08000243   Thumb Code     0  startup_stm32f103xb.o(.text)
    CAN1_RX1_IRQHandler                      0x08000243   Thumb Code     0  startup_stm32f103xb.o(.text)
    CAN1_SCE_IRQHandler                      0x08000243   Thumb Code     0  startup_stm32f103xb.o(.text)
    DMA1_Channel1_IRQHandler                 0x08000243   Thumb Code     0  startup_stm32f103xb.o(.text)
    DMA1_Channel2_IRQHandler                 0x08000243   Thumb Code     0  startup_stm32f103xb.o(.text)
    DMA1_Channel3_IRQHandler                 0x08000243   Thumb Code     0  startup_stm32f103xb.o(.text)
    DMA1_Channel4_IRQHandler                 0x08000243   Thumb Code     0  startup_stm32f103xb.o(.text)
    DMA1_Channel5_IRQHandler                 0x08000243   Thumb Code     0  startup_stm32f103xb.o(.text)
    DMA1_Channel6_IRQHandler                 0x08000243   Thumb Code     0  startup_stm32f103xb.o(.text)
    DMA1_Channel7_IRQHandler                 0x08000243   Thumb Code     0  startup_stm32f103xb.o(.text)
    EXTI0_IRQHandler                         0x08000243   Thumb Code     0  startup_stm32f103xb.o(.text)
    EXTI15_10_IRQHandler                     0x08000243   Thumb Code     0  startup_stm32f103xb.o(.text)
    EXTI1_IRQHandler                         0x08000243   Thumb Code     0  startup_stm32f103xb.o(.text)
    EXTI2_IRQHandler                         0x08000243   Thumb Code     0  startup_stm32f103xb.o(.text)
    EXTI3_IRQHandler                         0x08000243   Thumb Code     0  startup_stm32f103xb.o(.text)
    EXTI4_IRQHandler                         0x08000243   Thumb Code     0  startup_stm32f103xb.o(.text)
    EXTI9_5_IRQHandler                       0x08000243   Thumb Code     0  startup_stm32f103xb.o(.text)
    FLASH_IRQHandler                         0x08000243   Thumb Code     0  startup_stm32f103xb.o(.text)
    I2C1_ER_IRQHandler                       0x08000243   Thumb Code     0  startup_stm32f103xb.o(.text)
    I2C1_EV_IRQHandler                       0x08000243   Thumb Code     0  startup_stm32f103xb.o(.text)
    I2C2_ER_IRQHandler                       0x08000243   Thumb Code     0  startup_stm32f103xb.o(.text)
    I2C2_EV_IRQHandler                       0x08000243   Thumb Code     0  startup_stm32f103xb.o(.text)
    PVD_IRQHandler                           0x08000243   Thumb Code     0  startup_stm32f103xb.o(.text)
    RCC_IRQHandler                           0x08000243   Thumb Code     0  startup_stm32f103xb.o(.text)
    RTC_Alarm_IRQHandler                     0x08000243   Thumb Code     0  startup_stm32f103xb.o(.text)
    RTC_IRQHandler                           0x08000243   Thumb Code     0  startup_stm32f103xb.o(.text)
    SPI1_IRQHandler                          0x08000243   Thumb Code     0  startup_stm32f103xb.o(.text)
    SPI2_IRQHandler                          0x08000243   Thumb Code     0  startup_stm32f103xb.o(.text)
    TAMPER_IRQHandler                        0x08000243   Thumb Code     0  startup_stm32f103xb.o(.text)
    TIM1_BRK_IRQHandler                      0x08000243   Thumb Code     0  startup_stm32f103xb.o(.text)
    TIM1_CC_IRQHandler                       0x08000243   Thumb Code     0  startup_stm32f103xb.o(.text)
    TIM1_TRG_COM_IRQHandler                  0x08000243   Thumb Code     0  startup_stm32f103xb.o(.text)
    TIM1_UP_IRQHandler                       0x08000243   Thumb Code     0  startup_stm32f103xb.o(.text)
    TIM4_IRQHandler                          0x08000243   Thumb Code     0  startup_stm32f103xb.o(.text)
    USART1_IRQHandler                        0x08000243   Thumb Code     0  startup_stm32f103xb.o(.text)
    USART2_IRQHandler                        0x08000243   Thumb Code     0  startup_stm32f103xb.o(.text)
    USART3_IRQHandler                        0x08000243   Thumb Code     0  startup_stm32f103xb.o(.text)
    USBWakeUp_IRQHandler                     0x08000243   Thumb Code     0  startup_stm32f103xb.o(.text)
    USB_HP_CAN1_TX_IRQHandler                0x08000243   Thumb Code     0  startup_stm32f103xb.o(.text)
    USB_LP_CAN1_RX0_IRQHandler               0x08000243   Thumb Code     0  startup_stm32f103xb.o(.text)
    WWDG_IRQHandler                          0x08000243   Thumb Code     0  startup_stm32f103xb.o(.text)
    __user_initial_stackheap                 0x08000245   Thumb Code     0  startup_stm32f103xb.o(.text)
    __2sprintf                               0x08000269   Thumb Code    34  noretval__2sprintf.o(.text)
    __printf                                 0x08000291   Thumb Code   104  __printf.o(.text)
    _printf_int_dec                          0x080002f9   Thumb Code   104  _printf_dec.o(.text)
    strcpy                                   0x08000371   Thumb Code    72  strcpy.o(.text)
    strlen                                   0x080003b9   Thumb Code    62  strlen.o(.text)
    __aeabi_memcpy                           0x080003f7   Thumb Code     0  rt_memcpy_v6.o(.text)
    __rt_memcpy                              0x080003f7   Thumb Code   138  rt_memcpy_v6.o(.text)
    _memcpy_lastbytes                        0x0800045d   Thumb Code     0  rt_memcpy_v6.o(.text)
    __aeabi_memset                           0x08000481   Thumb Code    16  aeabi_memset.o(.text)
    __aeabi_memclr4                          0x08000491   Thumb Code     0  rt_memclr_w.o(.text)
    __aeabi_memclr8                          0x08000491   Thumb Code     0  rt_memclr_w.o(.text)
    __rt_memclr_w                            0x08000491   Thumb Code    78  rt_memclr_w.o(.text)
    _memset_w                                0x08000495   Thumb Code     0  rt_memclr_w.o(.text)
    __use_two_region_memory                  0x080004df   Thumb Code     2  heapauxi.o(.text)
    __rt_heap_escrow$2region                 0x080004e1   Thumb Code     2  heapauxi.o(.text)
    __rt_heap_expand$2region                 0x080004e3   Thumb Code     2  heapauxi.o(.text)
    _printf_int_common                       0x080004e5   Thumb Code   178  _printf_intcommon.o(.text)
    _printf_char_common                      0x080005a3   Thumb Code    32  _printf_char_common.o(.text)
    _sputc                                   0x080005c9   Thumb Code    10  _sputc.o(.text)
    __aeabi_memcpy4                          0x080005d3   Thumb Code     0  rt_memcpy_w.o(.text)
    __aeabi_memcpy8                          0x080005d3   Thumb Code     0  rt_memcpy_w.o(.text)
    __rt_memcpy_w                            0x080005d3   Thumb Code   100  rt_memcpy_w.o(.text)
    _memcpy_lastbytes_aligned                0x0800061b   Thumb Code     0  rt_memcpy_w.o(.text)
    __aeabi_memclr                           0x08000637   Thumb Code     0  rt_memclr.o(.text)
    __rt_memclr                              0x08000637   Thumb Code    68  rt_memclr.o(.text)
    _memset                                  0x0800063b   Thumb Code     0  rt_memclr.o(.text)
    __user_setup_stackheap                   0x0800067b   Thumb Code    74  sys_stackheap_outer.o(.text)
    exit                                     0x080006c5   Thumb Code    18  exit.o(.text)
    __user_libspace                          0x080006d9   Thumb Code     8  libspace.o(.text)
    __user_perproc_libspace                  0x080006d9   Thumb Code     0  libspace.o(.text)
    __user_perthread_libspace                0x080006d9   Thumb Code     0  libspace.o(.text)
    _sys_exit                                0x080006e1   Thumb Code     8  sys_exit.o(.text)
    __I$use$semihosting                      0x080006ed   Thumb Code     0  use_no_semi.o(.text)
    __use_no_semihosting_swi                 0x080006ed   Thumb Code     2  use_no_semi.o(.text)
    BusFault_Handler                         0x080006ef   Thumb Code     2  stm32f1xx_it.o(i.BusFault_Handler)
    __semihosting_library_function           0x080006ef   Thumb Code     0  indicate_semi.o(.text)
    DebugMon_Handler                         0x080006f1   Thumb Code     2  stm32f1xx_it.o(i.DebugMon_Handler)
    HAL_GPIO_Init                            0x080006f5   Thumb Code   462  stm32f1xx_hal_gpio.o(i.HAL_GPIO_Init)
    HAL_GPIO_WritePin                        0x080008d9   Thumb Code    10  stm32f1xx_hal_gpio.o(i.HAL_GPIO_WritePin)
    HAL_GetTick                              0x080008e5   Thumb Code     6  stm32f1xx_hal.o(i.HAL_GetTick)
    HAL_IncTick                              0x080008f1   Thumb Code    12  stm32f1xx_hal.o(i.HAL_IncTick)
    HAL_Init                                 0x08000901   Thumb Code    32  stm32f1xx_hal.o(i.HAL_Init)
    HAL_InitTick                             0x08000925   Thumb Code    54  stm32f1xx_hal.o(i.HAL_InitTick)
    HAL_MspInit                              0x08000965   Thumb Code    62  stm32f1xx_hal_msp.o(i.HAL_MspInit)
    HAL_NVIC_EnableIRQ                       0x080009ad   Thumb Code    30  stm32f1xx_hal_cortex.o(i.HAL_NVIC_EnableIRQ)
    HAL_NVIC_SetPriority                     0x080009cd   Thumb Code    96  stm32f1xx_hal_cortex.o(i.HAL_NVIC_SetPriority)
    HAL_NVIC_SetPriorityGrouping             0x08000a31   Thumb Code    30  stm32f1xx_hal_cortex.o(i.HAL_NVIC_SetPriorityGrouping)
    HAL_RCC_ClockConfig                      0x08000a55   Thumb Code   390  stm32f1xx_hal_rcc.o(i.HAL_RCC_ClockConfig)
    HAL_RCC_GetPCLK1Freq                     0x08000c01   Thumb Code    20  stm32f1xx_hal_rcc.o(i.HAL_RCC_GetPCLK1Freq)
    HAL_RCC_GetPCLK2Freq                     0x08000c21   Thumb Code    20  stm32f1xx_hal_rcc.o(i.HAL_RCC_GetPCLK2Freq)
    HAL_RCC_OscConfig                        0x08000c41   Thumb Code   948  stm32f1xx_hal_rcc.o(i.HAL_RCC_OscConfig)
    HAL_SYSTICK_Config                       0x08001009   Thumb Code    38  stm32f1xx_hal_cortex.o(i.HAL_SYSTICK_Config)
    HAL_TIMEx_BreakCallback                  0x08001035   Thumb Code     2  stm32f1xx_hal_tim_ex.o(i.HAL_TIMEx_BreakCallback)
    HAL_TIMEx_CommutCallback                 0x08001037   Thumb Code     2  stm32f1xx_hal_tim_ex.o(i.HAL_TIMEx_CommutCallback)
    HAL_TIMEx_MasterConfigSynchronization    0x08001039   Thumb Code   110  stm32f1xx_hal_tim_ex.o(i.HAL_TIMEx_MasterConfigSynchronization)
    HAL_TIM_Base_Init                        0x080010a7   Thumb Code    90  stm32f1xx_hal_tim.o(i.HAL_TIM_Base_Init)
    HAL_TIM_Base_MspInit                     0x08001101   Thumb Code   124  stm32f1xx_hal_msp.o(i.HAL_TIM_Base_MspInit)
    HAL_TIM_Base_Start_IT                    0x08001181   Thumb Code    88  stm32f1xx_hal_tim.o(i.HAL_TIM_Base_Start_IT)
    HAL_TIM_ConfigClockSource                0x080011d9   Thumb Code   366  stm32f1xx_hal_tim.o(i.HAL_TIM_ConfigClockSource)
    HAL_TIM_IC_CaptureCallback               0x08001347   Thumb Code     2  stm32f1xx_hal_tim.o(i.HAL_TIM_IC_CaptureCallback)
    HAL_TIM_IRQHandler                       0x08001349   Thumb Code   364  stm32f1xx_hal_tim.o(i.HAL_TIM_IRQHandler)
    HAL_TIM_OC_DelayElapsedCallback          0x080014b5   Thumb Code     2  stm32f1xx_hal_tim.o(i.HAL_TIM_OC_DelayElapsedCallback)
    HAL_TIM_PWM_PulseFinishedCallback        0x080014b7   Thumb Code     2  stm32f1xx_hal_tim.o(i.HAL_TIM_PWM_PulseFinishedCallback)
    HAL_TIM_PeriodElapsedCallback            0x080014b9   Thumb Code    50  main.o(i.HAL_TIM_PeriodElapsedCallback)
    HAL_TIM_SlaveConfigSynchro               0x080014f1   Thumb Code    86  stm32f1xx_hal_tim.o(i.HAL_TIM_SlaveConfigSynchro)
    HAL_TIM_TriggerCallback                  0x08001547   Thumb Code     2  stm32f1xx_hal_tim.o(i.HAL_TIM_TriggerCallback)
    HAL_UART_Init                            0x08001549   Thumb Code   100  stm32f1xx_hal_uart.o(i.HAL_UART_Init)
    HAL_UART_MspInit                         0x080015ad   Thumb Code   108  stm32f1xx_hal_msp.o(i.HAL_UART_MspInit)
    HAL_UART_Transmit                        0x08001621   Thumb Code   336  stm32f1xx_hal_uart.o(i.HAL_UART_Transmit)
    HardFault_Handler                        0x08001771   Thumb Code     2  stm32f1xx_it.o(i.HardFault_Handler)
    MemManage_Handler                        0x08001773   Thumb Code     2  stm32f1xx_it.o(i.MemManage_Handler)
    NMI_Handler                              0x08001775   Thumb Code     2  stm32f1xx_it.o(i.NMI_Handler)
    StartDefaultTask                         0x08001779   Thumb Code    58  main.o(i.StartDefaultTask)
    StartTask02                              0x080017dd   Thumb Code    14  main.o(i.StartTask02)
    SysTick_Handler                          0x080017eb   Thumb Code    24  stm32f1xx_it.o(i.SysTick_Handler)
    SystemInit                               0x08001803   Thumb Code     2  system_stm32f1xx.o(i.SystemInit)
    TIM2_IRQHandler                          0x08001805   Thumb Code     6  stm32f1xx_it.o(i.TIM2_IRQHandler)
    TIM3_IRQHandler                          0x08001811   Thumb Code     6  stm32f1xx_it.o(i.TIM3_IRQHandler)
    TIM_Base_SetConfig                       0x0800181d   Thumb Code   108  stm32f1xx_hal_tim.o(i.TIM_Base_SetConfig)
    UART_dataWrite                           0x08001a49   Thumb Code   100  uart_stdio.o(i.UART_dataWrite)
    UART_printf                              0x08001ab1   Thumb Code   624  uart_stdio.o(i.UART_printf)
    UsageFault_Handler                       0x08001d31   Thumb Code     2  stm32f1xx_it.o(i.UsageFault_Handler)
    configureTimerForRunTimeStats            0x08001d33   Thumb Code     2  freertos.o(i.configureTimerForRunTimeStats)
    cpu_load                                 0x08001d35   Thumb Code   100  main.o(i.cpu_load)
    eTaskGetState                            0x08001de1   Thumb Code    96  tasks.o(i.eTaskGetState)
    getRunTimeCounterValue                   0x08001e4d   Thumb Code     6  main.o(i.getRunTimeCounterValue)
    log_buffer_flush                         0x08001e59   Thumb Code    80  uart_stdio.o(i.log_buffer_flush)
    main                                     0x08001eb1   Thumb Code   526  main.o(i.main)
    osDelay                                  0x08002101   Thumb Code    50  cmsis_os2.o(i.osDelay)
    osKernelInitialize                       0x08002139   Thumb Code    50  cmsis_os2.o(i.osKernelInitialize)
    osKernelStart                            0x08002171   Thumb Code    58  cmsis_os2.o(i.osKernelStart)
    osThreadNew                              0x080021b1   Thumb Code   218  cmsis_os2.o(i.osThreadNew)
    pvPortMalloc                             0x08002b29   Thumb Code   218  heap_4.o(i.pvPortMalloc)
    pxPortInitialiseStack                    0x08002c0d   Thumb Code    30  port.o(i.pxPortInitialiseStack)
    uart_printf_init                         0x08002c31   Thumb Code    10  uart_stdio.o(i.uart_printf_init)
    uxListRemove                             0x08002c41   Thumb Code    38  list.o(i.uxListRemove)
    uxTaskGetSystemState                     0x08002c69   Thumb Code   158  tasks.o(i.uxTaskGetSystemState)
    vApplicationGetIdleTaskMemory            0x08002d19   Thumb Code    16  cmsis_os2.o(i.vApplicationGetIdleTaskMemory)
    vApplicationGetTimerTaskMemory           0x08002d2d   Thumb Code    18  cmsis_os2.o(i.vApplicationGetTimerTaskMemory)
    vApplicationIdleHook                     0x08002d45   Thumb Code     2  freertos.o(i.vApplicationIdleHook)
    vListInitialise                          0x08002d47   Thumb Code    22  list.o(i.vListInitialise)
    vListInitialiseItem                      0x08002d5d   Thumb Code     6  list.o(i.vListInitialiseItem)
    vListInsert                              0x08002d63   Thumb Code    54  list.o(i.vListInsert)
    vListInsertEnd                           0x08002d99   Thumb Code    24  list.o(i.vListInsertEnd)
    vPortEnterCritical                       0x08002db1   Thumb Code    54  port.o(i.vPortEnterCritical)
    vPortExitCritical                        0x08002df1   Thumb Code    38  port.o(i.vPortExitCritical)
    vPortFree                                0x08002e1d   Thumb Code    88  heap_4.o(i.vPortFree)
    vPortSetupTimerInterrupt                 0x08002e79   Thumb Code    32  port.o(i.vPortSetupTimerInterrupt)
    vPortValidateInterruptPriority           0x08002e9d   Thumb Code    74  port.o(i.vPortValidateInterruptPriority)
    vQueueAddToRegistry                      0x08002ef1   Thumb Code    34  queue.o(i.vQueueAddToRegistry)
    vQueueWaitForMessageRestricted           0x08002f19   Thumb Code    74  queue.o(i.vQueueWaitForMessageRestricted)
    vTaskDelay                               0x08002f65   Thumb Code    70  tasks.o(i.vTaskDelay)
    vTaskGetInfo                             0x08002fb5   Thumb Code   116  tasks.o(i.vTaskGetInfo)
    vTaskGetRunTimeStats                     0x0800302d   Thumb Code   174  tasks.o(i.vTaskGetRunTimeStats)
    vTaskInternalSetTimeOutState             0x080030fd   Thumb Code    12  tasks.o(i.vTaskInternalSetTimeOutState)
    vTaskMissedYield                         0x0800310d   Thumb Code     8  tasks.o(i.vTaskMissedYield)
    vTaskPlaceOnEventList                    0x08003119   Thumb Code    48  tasks.o(i.vTaskPlaceOnEventList)
    vTaskPlaceOnEventListRestricted          0x0800314d   Thumb Code    54  tasks.o(i.vTaskPlaceOnEventListRestricted)
    vTaskStartScheduler                      0x08003189   Thumb Code   132  tasks.o(i.vTaskStartScheduler)
    vTaskSuspendAll                          0x0800321d   Thumb Code    10  tasks.o(i.vTaskSuspendAll)
    vTaskSwitchContext                       0x0800322d   Thumb Code   126  tasks.o(i.vTaskSwitchContext)
    xPortStartScheduler                      0x080032b5   Thumb Code   168  port.o(i.xPortStartScheduler)
    xPortSysTickHandler                      0x08003369   Thumb Code    38  port.o(i.xPortSysTickHandler)
    xQueueGenericCreateStatic                0x08003395   Thumb Code   112  queue.o(i.xQueueGenericCreateStatic)
    xQueueGenericReset                       0x08003405   Thumb Code   138  queue.o(i.xQueueGenericReset)
    xQueueGenericSend                        0x08003495   Thumb Code   362  queue.o(i.xQueueGenericSend)
    xQueueGenericSendFromISR                 0x08003605   Thumb Code   188  queue.o(i.xQueueGenericSendFromISR)
    xQueueReceive                            0x080036c1   Thumb Code   322  queue.o(i.xQueueReceive)
    xTaskCheckForTimeOut                     0x08003809   Thumb Code   122  tasks.o(i.xTaskCheckForTimeOut)
    xTaskCreate                              0x08003889   Thumb Code   108  tasks.o(i.xTaskCreate)
    xTaskCreateStatic                        0x080038f5   Thumb Code    96  tasks.o(i.xTaskCreateStatic)
    xTaskGetSchedulerState                   0x08003955   Thumb Code    24  tasks.o(i.xTaskGetSchedulerState)
    xTaskGetTickCount                        0x08003971   Thumb Code     6  tasks.o(i.xTaskGetTickCount)
    xTaskIncrementTick                       0x0800397d   Thumb Code   194  tasks.o(i.xTaskIncrementTick)
    xTaskPriorityDisinherit                  0x08003a49   Thumb Code   118  tasks.o(i.xTaskPriorityDisinherit)
    xTaskRemoveFromEventList                 0x08003ac9   Thumb Code   106  tasks.o(i.xTaskRemoveFromEventList)
    xTaskResumeAll                           0x08003b41   Thumb Code   190  tasks.o(i.xTaskResumeAll)
    xTimerCreateTimerTask                    0x08003c0d   Thumb Code    86  timers.o(i.xTimerCreateTimerTask)
    xTimerGenericCommand                     0x08003c75   Thumb Code   112  timers.o(i.xTimerGenericCommand)
    defaultTask_attributes                   0x08003cec   Data          36  main.o(.constdata)
    mylogTask_attributes                     0x08003d10   Data          36  main.o(.constdata)
    myTask03_attributes                      0x08003d34   Data          36  main.o(.constdata)
    AHBPrescTable                            0x08003d6a   Data          16  system_stm32f1xx.o(.constdata)
    APBPrescTable                            0x08003d7a   Data           8  system_stm32f1xx.o(.constdata)
    Region$$Table$$Base                      0x08003dbc   Number         0  anon$$obj.o(Region$$Table)
    Region$$Table$$Limit                     0x08003ddc   Number         0  anon$$obj.o(Region$$Table)
    timer1_loop                              0x20000004   Data           4  main.o(.data)
    timer_50us                               0x20000008   Data           4  main.o(.data)
    defaultTaskHandle                        0x2000000c   Data           4  main.o(.data)
    mylogTaskHandle                          0x20000010   Data           4  main.o(.data)
    myTask03Handle                           0x20000014   Data           4  main.o(.data)
    uwTickFreq                               0x20000018   Data           1  stm32f1xx_hal.o(.data)
    uwTickPrio                               0x2000001c   Data           4  stm32f1xx_hal.o(.data)
    uwTick                                   0x20000020   Data           4  stm32f1xx_hal.o(.data)
    SystemCoreClock                          0x20000024   Data           4  system_stm32f1xx.o(.data)
    pxCurrentTCB                             0x20000028   Data           4  tasks.o(.data)
    log_buff                                 0x200000a8   Data        1028  uart_stdio.o(.bss)
    htim1                                    0x200004ac   Data          72  main.o(.bss)
    htim2                                    0x200004f4   Data          72  main.o(.bss)
    htim3                                    0x2000053c   Data          72  main.o(.bss)
    huart1                                   0x20000584   Data          72  main.o(.bss)
    xQueueRegistry                           0x200005cc   Data          64  queue.o(.bss)
    __libspace_start                         0x20001ea8   Data          96  libspace.o(.bss)
    __temporary_stack_top$libspace           0x20001f08   Data           0  libspace.o(.bss)



==============================================================================

Memory Map of the image

  Image Entry point : 0x080000ed

  Load Region LR_IROM1 (Base: 0x08000000, Size: 0x00003e84, Max: 0x00008000, ABSOLUTE)

    Execution Region ER_IROM1 (Exec base: 0x08000000, Load base: 0x08000000, Size: 0x00003ddc, Max: 0x00008000, ABSOLUTE)

    Exec Addr    Load Addr    Size         Type   Attr      Idx    E Section Name        Object

    0x08000000   0x08000000   0x000000ec   Data   RO            3    RESET               startup_stm32f103xb.o
    0x080000ec   0x080000ec   0x00000008   Code   RO         4439  * !!!main             c_w.l(__main.o)
    0x080000f4   0x080000f4   0x00000034   Code   RO         4613    !!!scatter          c_w.l(__scatter.o)
    0x08000128   0x08000128   0x0000001a   Code   RO         4615    !!handler_copy      c_w.l(__scatter_copy.o)
    0x08000142   0x08000142   0x00000002   PAD
    0x08000144   0x08000144   0x0000001c   Code   RO         4617    !!handler_zi        c_w.l(__scatter_zi.o)
    0x08000160   0x08000160   0x00000000   Code   RO         4424    .ARM.Collect$$_printf_percent$$00000000  c_w.l(_printf_percent.o)
    0x08000160   0x08000160   0x00000006   Code   RO         4423    .ARM.Collect$$_printf_percent$$0000000A  c_w.l(_printf_u.o)
    0x08000166   0x08000166   0x00000004   Code   RO         4450    .ARM.Collect$$_printf_percent$$00000017  c_w.l(_printf_percent_end.o)
    0x0800016a   0x0800016a   0x00000002   Code   RO         4481    .ARM.Collect$$libinit$$00000000  c_w.l(libinit.o)
    0x0800016c   0x0800016c   0x00000000   Code   RO         4488    .ARM.Collect$$libinit$$00000002  c_w.l(libinit2.o)
    0x0800016c   0x0800016c   0x00000000   Code   RO         4490    .ARM.Collect$$libinit$$00000004  c_w.l(libinit2.o)
    0x0800016c   0x0800016c   0x00000000   Code   RO         4493    .ARM.Collect$$libinit$$0000000A  c_w.l(libinit2.o)
    0x0800016c   0x0800016c   0x00000000   Code   RO         4495    .ARM.Collect$$libinit$$0000000C  c_w.l(libinit2.o)
    0x0800016c   0x0800016c   0x00000000   Code   RO         4497    .ARM.Collect$$libinit$$0000000E  c_w.l(libinit2.o)
    0x0800016c   0x0800016c   0x00000000   Code   RO         4500    .ARM.Collect$$libinit$$00000011  c_w.l(libinit2.o)
    0x0800016c   0x0800016c   0x00000000   Code   RO         4502    .ARM.Collect$$libinit$$00000013  c_w.l(libinit2.o)
    0x0800016c   0x0800016c   0x00000000   Code   RO         4504    .ARM.Collect$$libinit$$00000015  c_w.l(libinit2.o)
    0x0800016c   0x0800016c   0x00000000   Code   RO         4506    .ARM.Collect$$libinit$$00000017  c_w.l(libinit2.o)
    0x0800016c   0x0800016c   0x00000000   Code   RO         4508    .ARM.Collect$$libinit$$00000019  c_w.l(libinit2.o)
    0x0800016c   0x0800016c   0x00000000   Code   RO         4510    .ARM.Collect$$libinit$$0000001B  c_w.l(libinit2.o)
    0x0800016c   0x0800016c   0x00000000   Code   RO         4512    .ARM.Collect$$libinit$$0000001D  c_w.l(libinit2.o)
    0x0800016c   0x0800016c   0x00000000   Code   RO         4514    .ARM.Collect$$libinit$$0000001F  c_w.l(libinit2.o)
    0x0800016c   0x0800016c   0x00000000   Code   RO         4516    .ARM.Collect$$libinit$$00000021  c_w.l(libinit2.o)
    0x0800016c   0x0800016c   0x00000000   Code   RO         4518    .ARM.Collect$$libinit$$00000023  c_w.l(libinit2.o)
    0x0800016c   0x0800016c   0x00000000   Code   RO         4520    .ARM.Collect$$libinit$$00000025  c_w.l(libinit2.o)
    0x0800016c   0x0800016c   0x00000000   Code   RO         4524    .ARM.Collect$$libinit$$0000002C  c_w.l(libinit2.o)
    0x0800016c   0x0800016c   0x00000000   Code   RO         4526    .ARM.Collect$$libinit$$0000002E  c_w.l(libinit2.o)
    0x0800016c   0x0800016c   0x00000000   Code   RO         4528    .ARM.Collect$$libinit$$00000030  c_w.l(libinit2.o)
    0x0800016c   0x0800016c   0x00000000   Code   RO         4530    .ARM.Collect$$libinit$$00000032  c_w.l(libinit2.o)
    0x0800016c   0x0800016c   0x00000002   Code   RO         4531    .ARM.Collect$$libinit$$00000033  c_w.l(libinit2.o)
    0x0800016e   0x0800016e   0x00000002   Code   RO         4551    .ARM.Collect$$libshutdown$$00000000  c_w.l(libshutdown.o)
    0x08000170   0x08000170   0x00000000   Code   RO         4564    .ARM.Collect$$libshutdown$$00000002  c_w.l(libshutdown2.o)
    0x08000170   0x08000170   0x00000000   Code   RO         4566    .ARM.Collect$$libshutdown$$00000004  c_w.l(libshutdown2.o)
    0x08000170   0x08000170   0x00000000   Code   RO         4568    .ARM.Collect$$libshutdown$$00000006  c_w.l(libshutdown2.o)
    0x08000170   0x08000170   0x00000000   Code   RO         4571    .ARM.Collect$$libshutdown$$00000009  c_w.l(libshutdown2.o)
    0x08000170   0x08000170   0x00000000   Code   RO         4574    .ARM.Collect$$libshutdown$$0000000C  c_w.l(libshutdown2.o)
    0x08000170   0x08000170   0x00000000   Code   RO         4576    .ARM.Collect$$libshutdown$$0000000E  c_w.l(libshutdown2.o)
    0x08000170   0x08000170   0x00000000   Code   RO         4579    .ARM.Collect$$libshutdown$$00000011  c_w.l(libshutdown2.o)
    0x08000170   0x08000170   0x00000002   Code   RO         4580    .ARM.Collect$$libshutdown$$00000012  c_w.l(libshutdown2.o)
    0x08000172   0x08000172   0x00000000   Code   RO         4441    .ARM.Collect$$rtentry$$00000000  c_w.l(__rtentry.o)
    0x08000172   0x08000172   0x00000000   Code   RO         4456    .ARM.Collect$$rtentry$$00000002  c_w.l(__rtentry2.o)
    0x08000172   0x08000172   0x00000006   Code   RO         4468    .ARM.Collect$$rtentry$$00000004  c_w.l(__rtentry4.o)
    0x08000178   0x08000178   0x00000000   Code   RO         4458    .ARM.Collect$$rtentry$$00000009  c_w.l(__rtentry2.o)
    0x08000178   0x08000178   0x00000004   Code   RO         4459    .ARM.Collect$$rtentry$$0000000A  c_w.l(__rtentry2.o)
    0x0800017c   0x0800017c   0x00000000   Code   RO         4461    .ARM.Collect$$rtentry$$0000000C  c_w.l(__rtentry2.o)
    0x0800017c   0x0800017c   0x00000008   Code   RO         4462    .ARM.Collect$$rtentry$$0000000D  c_w.l(__rtentry2.o)
    0x08000184   0x08000184   0x00000002   Code   RO         4485    .ARM.Collect$$rtexit$$00000000  c_w.l(rtexit.o)
    0x08000186   0x08000186   0x00000000   Code   RO         4533    .ARM.Collect$$rtexit$$00000002  c_w.l(rtexit2.o)
    0x08000186   0x08000186   0x00000004   Code   RO         4534    .ARM.Collect$$rtexit$$00000003  c_w.l(rtexit2.o)
    0x0800018a   0x0800018a   0x00000006   Code   RO         4535    .ARM.Collect$$rtexit$$00000004  c_w.l(rtexit2.o)
    0x08000190   0x08000190   0x00000096   Code   RO         4311    .emb_text           port.o
    0x08000226   0x08000226   0x00000002   PAD
    0x08000228   0x08000228   0x00000040   Code   RO            4    .text               startup_stm32f103xb.o
    0x08000268   0x08000268   0x00000028   Code   RO         4394    .text               c_w.l(noretval__2sprintf.o)
    0x08000290   0x08000290   0x00000068   Code   RO         4396    .text               c_w.l(__printf.o)
    0x080002f8   0x080002f8   0x00000078   Code   RO         4400    .text               c_w.l(_printf_dec.o)
    0x08000370   0x08000370   0x00000048   Code   RO         4425    .text               c_w.l(strcpy.o)
    0x080003b8   0x080003b8   0x0000003e   Code   RO         4427    .text               c_w.l(strlen.o)
    0x080003f6   0x080003f6   0x0000008a   Code   RO         4429    .text               c_w.l(rt_memcpy_v6.o)
    0x08000480   0x08000480   0x00000010   Code   RO         4433    .text               c_w.l(aeabi_memset.o)
    0x08000490   0x08000490   0x0000004e   Code   RO         4435    .text               c_w.l(rt_memclr_w.o)
    0x080004de   0x080004de   0x00000006   Code   RO         4437    .text               c_w.l(heapauxi.o)
    0x080004e4   0x080004e4   0x000000b2   Code   RO         4442    .text               c_w.l(_printf_intcommon.o)
    0x08000596   0x08000596   0x00000002   PAD
    0x08000598   0x08000598   0x00000030   Code   RO         4444    .text               c_w.l(_printf_char_common.o)
    0x080005c8   0x080005c8   0x0000000a   Code   RO         4446    .text               c_w.l(_sputc.o)
    0x080005d2   0x080005d2   0x00000064   Code   RO         4451    .text               c_w.l(rt_memcpy_w.o)
    0x08000636   0x08000636   0x00000044   Code   RO         4453    .text               c_w.l(rt_memclr.o)
    0x0800067a   0x0800067a   0x0000004a   Code   RO         4472    .text               c_w.l(sys_stackheap_outer.o)
    0x080006c4   0x080006c4   0x00000012   Code   RO         4474    .text               c_w.l(exit.o)
    0x080006d6   0x080006d6   0x00000002   PAD
    0x080006d8   0x080006d8   0x00000008   Code   RO         4482    .text               c_w.l(libspace.o)
    0x080006e0   0x080006e0   0x0000000c   Code   RO         4543    .text               c_w.l(sys_exit.o)
    0x080006ec   0x080006ec   0x00000002   Code   RO         4554    .text               c_w.l(use_no_semi.o)
    0x080006ee   0x080006ee   0x00000000   Code   RO         4556    .text               c_w.l(indicate_semi.o)
    0x080006ee   0x080006ee   0x00000002   Code   RO          309    i.BusFault_Handler  stm32f1xx_it.o
    0x080006f0   0x080006f0   0x00000002   Code   RO          310    i.DebugMon_Handler  stm32f1xx_it.o
    0x080006f2   0x080006f2   0x00000002   PAD
    0x080006f4   0x080006f4   0x000001e4   Code   RO          785    i.HAL_GPIO_Init     stm32f1xx_hal_gpio.o
    0x080008d8   0x080008d8   0x0000000a   Code   RO          789    i.HAL_GPIO_WritePin  stm32f1xx_hal_gpio.o
    0x080008e2   0x080008e2   0x00000002   PAD
    0x080008e4   0x080008e4   0x0000000c   Code   RO          480    i.HAL_GetTick       stm32f1xx_hal.o
    0x080008f0   0x080008f0   0x00000010   Code   RO          486    i.HAL_IncTick       stm32f1xx_hal.o
    0x08000900   0x08000900   0x00000024   Code   RO          487    i.HAL_Init          stm32f1xx_hal.o
    0x08000924   0x08000924   0x00000040   Code   RO          488    i.HAL_InitTick      stm32f1xx_hal.o
    0x08000964   0x08000964   0x00000048   Code   RO          385    i.HAL_MspInit       stm32f1xx_hal_msp.o
    0x080009ac   0x080009ac   0x0000001e   Code   RO          940    i.HAL_NVIC_EnableIRQ  stm32f1xx_hal_cortex.o
    0x080009ca   0x080009ca   0x00000002   PAD
    0x080009cc   0x080009cc   0x00000064   Code   RO          946    i.HAL_NVIC_SetPriority  stm32f1xx_hal_cortex.o
    0x08000a30   0x08000a30   0x00000024   Code   RO          947    i.HAL_NVIC_SetPriorityGrouping  stm32f1xx_hal_cortex.o
    0x08000a54   0x08000a54   0x000001ac   Code   RO          644    i.HAL_RCC_ClockConfig  stm32f1xx_hal_rcc.o
    0x08000c00   0x08000c00   0x00000020   Code   RO          651    i.HAL_RCC_GetPCLK1Freq  stm32f1xx_hal_rcc.o
    0x08000c20   0x08000c20   0x00000020   Code   RO          652    i.HAL_RCC_GetPCLK2Freq  stm32f1xx_hal_rcc.o
    0x08000c40   0x08000c40   0x000003c8   Code   RO          656    i.HAL_RCC_OscConfig  stm32f1xx_hal_rcc.o
    0x08001008   0x08001008   0x0000002c   Code   RO          951    i.HAL_SYSTICK_Config  stm32f1xx_hal_cortex.o
    0x08001034   0x08001034   0x00000002   Code   RO         2067    i.HAL_TIMEx_BreakCallback  stm32f1xx_hal_tim_ex.o
    0x08001036   0x08001036   0x00000002   Code   RO         2068    i.HAL_TIMEx_CommutCallback  stm32f1xx_hal_tim_ex.o
    0x08001038   0x08001038   0x0000006e   Code   RO         2086    i.HAL_TIMEx_MasterConfigSynchronization  stm32f1xx_hal_tim_ex.o
    0x080010a6   0x080010a6   0x0000005a   Code   RO         1401    i.HAL_TIM_Base_Init  stm32f1xx_hal_tim.o
    0x08001100   0x08001100   0x00000080   Code   RO          387    i.HAL_TIM_Base_MspInit  stm32f1xx_hal_msp.o
    0x08001180   0x08001180   0x00000058   Code   RO         1406    i.HAL_TIM_Base_Start_IT  stm32f1xx_hal_tim.o
    0x080011d8   0x080011d8   0x0000016e   Code   RO         1410    i.HAL_TIM_ConfigClockSource  stm32f1xx_hal_tim.o
    0x08001346   0x08001346   0x00000002   Code   RO         1435    i.HAL_TIM_IC_CaptureCallback  stm32f1xx_hal_tim.o
    0x08001348   0x08001348   0x0000016c   Code   RO         1449    i.HAL_TIM_IRQHandler  stm32f1xx_hal_tim.o
    0x080014b4   0x080014b4   0x00000002   Code   RO         1452    i.HAL_TIM_OC_DelayElapsedCallback  stm32f1xx_hal_tim.o
    0x080014b6   0x080014b6   0x00000002   Code   RO         1479    i.HAL_TIM_PWM_PulseFinishedCallback  stm32f1xx_hal_tim.o
    0x080014b8   0x080014b8   0x00000038   Code   RO          159    i.HAL_TIM_PeriodElapsedCallback  main.o
    0x080014f0   0x080014f0   0x00000056   Code   RO         1490    i.HAL_TIM_SlaveConfigSynchro  stm32f1xx_hal_tim.o
    0x08001546   0x08001546   0x00000002   Code   RO         1492    i.HAL_TIM_TriggerCallback  stm32f1xx_hal_tim.o
    0x08001548   0x08001548   0x00000064   Code   RO         2359    i.HAL_UART_Init     stm32f1xx_hal_uart.o
    0x080015ac   0x080015ac   0x00000074   Code   RO          389    i.HAL_UART_MspInit  stm32f1xx_hal_msp.o
    0x08001620   0x08001620   0x00000150   Code   RO         2367    i.HAL_UART_Transmit  stm32f1xx_hal_uart.o
    0x08001770   0x08001770   0x00000002   Code   RO          311    i.HardFault_Handler  stm32f1xx_it.o
    0x08001772   0x08001772   0x00000002   Code   RO          312    i.MemManage_Handler  stm32f1xx_it.o
    0x08001774   0x08001774   0x00000002   Code   RO          313    i.NMI_Handler       stm32f1xx_it.o
    0x08001776   0x08001776   0x00000002   PAD
    0x08001778   0x08001778   0x00000064   Code   RO          160    i.StartDefaultTask  main.o
    0x080017dc   0x080017dc   0x0000000e   Code   RO          161    i.StartTask02       main.o
    0x080017ea   0x080017ea   0x00000018   Code   RO          314    i.SysTick_Handler   stm32f1xx_it.o
    0x08001802   0x08001802   0x00000002   Code   RO         2677    i.SystemInit        system_stm32f1xx.o
    0x08001804   0x08001804   0x0000000c   Code   RO          315    i.TIM2_IRQHandler   stm32f1xx_it.o
    0x08001810   0x08001810   0x0000000c   Code   RO          316    i.TIM3_IRQHandler   stm32f1xx_it.o
    0x0800181c   0x0800181c   0x00000078   Code   RO         1494    i.TIM_Base_SetConfig  stm32f1xx_hal_tim.o
    0x08001894   0x08001894   0x000000e6   Code   RO         1507    i.TIM_SlaveTimer_SetConfig  stm32f1xx_hal_tim.o
    0x0800197a   0x0800197a   0x00000002   PAD
    0x0800197c   0x0800197c   0x000000cc   Code   RO         2383    i.UART_SetConfig    stm32f1xx_hal_uart.o
    0x08001a48   0x08001a48   0x00000068   Code   RO           13    i.UART_dataWrite    uart_stdio.o
    0x08001ab0   0x08001ab0   0x00000280   Code   RO           14    i.UART_printf       uart_stdio.o
    0x08001d30   0x08001d30   0x00000002   Code   RO          317    i.UsageFault_Handler  stm32f1xx_it.o
    0x08001d32   0x08001d32   0x00000002   Code   RO          259    i.configureTimerForRunTimeStats  freertos.o
    0x08001d34   0x08001d34   0x000000ac   Code   RO          163    i.cpu_load          main.o
    0x08001de0   0x08001de0   0x0000006c   Code   RO         3287    i.eTaskGetState     tasks.o
    0x08001e4c   0x08001e4c   0x0000000c   Code   RO          164    i.getRunTimeCounterValue  main.o
    0x08001e58   0x08001e58   0x00000058   Code   RO           16    i.log_buffer_flush  uart_stdio.o
    0x08001eb0   0x08001eb0   0x00000250   Code   RO          165    i.main              main.o
    0x08002100   0x08002100   0x00000038   Code   RO         3835    i.osDelay           cmsis_os2.o
    0x08002138   0x08002138   0x00000038   Code   RO         3849    i.osKernelInitialize  cmsis_os2.o
    0x08002170   0x08002170   0x00000040   Code   RO         3852    i.osKernelStart     cmsis_os2.o
    0x080021b0   0x080021b0   0x000000e0   Code   RO         3886    i.osThreadNew       cmsis_os2.o
    0x08002290   0x08002290   0x00000060   Code   RO         3289    i.prvAddCurrentTaskToDelayedList  tasks.o
    0x080022f0   0x080022f0   0x00000088   Code   RO         3290    i.prvAddNewTaskToReadyList  tasks.o
    0x08002378   0x08002378   0x0000005c   Code   RO         3671    i.prvCheckForValidListAndQueue  timers.o
    0x080023d4   0x080023d4   0x00000040   Code   RO         3291    i.prvCheckTasksWaitingTermination  tasks.o
    0x08002414   0x08002414   0x00000024   Code   RO         2882    i.prvCopyDataFromQueue  queue.o
    0x08002438   0x08002438   0x0000006e   Code   RO         2883    i.prvCopyDataToQueue  queue.o
    0x080024a6   0x080024a6   0x00000040   Code   RO         3292    i.prvDeleteTCB      tasks.o
    0x080024e6   0x080024e6   0x00000002   PAD
    0x080024e8   0x080024e8   0x00000024   Code   RO         3672    i.prvGetNextExpireTime  timers.o
    0x0800250c   0x0800250c   0x00000050   Code   RO         4262    i.prvHeapInit       heap_4.o
    0x0800255c   0x0800255c   0x0000002c   Code   RO         3293    i.prvIdleTask       tasks.o
    0x08002588   0x08002588   0x00000022   Code   RO         2886    i.prvInitialiseNewQueue  queue.o
    0x080025aa   0x080025aa   0x00000090   Code   RO         3294    i.prvInitialiseNewTask  tasks.o
    0x0800263a   0x0800263a   0x00000002   PAD
    0x0800263c   0x0800263c   0x00000060   Code   RO         3295    i.prvInitialiseTaskLists  tasks.o
    0x0800269c   0x0800269c   0x0000005c   Code   RO         4263    i.prvInsertBlockIntoFreeList  heap_4.o
    0x080026f8   0x080026f8   0x00000048   Code   RO         3674    i.prvInsertTimerInActiveList  timers.o
    0x08002740   0x08002740   0x0000001a   Code   RO         2887    i.prvIsQueueEmpty   queue.o
    0x0800275a   0x0800275a   0x0000001e   Code   RO         2888    i.prvIsQueueFull    queue.o
    0x08002778   0x08002778   0x00000060   Code   RO         3296    i.prvListTasksWithinSingleList  tasks.o
    0x080027d8   0x080027d8   0x0000005c   Code   RO         3675    i.prvProcessExpiredTimer  timers.o
    0x08002834   0x08002834   0x000000d8   Code   RO         3676    i.prvProcessReceivedCommands  timers.o
    0x0800290c   0x0800290c   0x0000006c   Code   RO         3677    i.prvProcessTimerOrBlockTask  timers.o
    0x08002978   0x08002978   0x00000024   Code   RO         3297    i.prvResetNextTaskUnblockTime  tasks.o
    0x0800299c   0x0800299c   0x0000002c   Code   RO         3678    i.prvSampleTimeNow  timers.o
    0x080029c8   0x080029c8   0x00000074   Code   RO         3679    i.prvSwitchTimerLists  timers.o
    0x08002a3c   0x08002a3c   0x00000018   Code   RO         3298    i.prvTaskCheckFreeStackSpace  tasks.o
    0x08002a54   0x08002a54   0x00000030   Code   RO         4312    i.prvTaskExitError  port.o
    0x08002a84   0x08002a84   0x00000014   Code   RO         3680    i.prvTimerTask      timers.o
    0x08002a98   0x08002a98   0x00000068   Code   RO         2889    i.prvUnlockQueue    queue.o
    0x08002b00   0x08002b00   0x00000026   Code   RO         3300    i.prvWriteNameToBuffer  tasks.o
    0x08002b26   0x08002b26   0x00000002   PAD
    0x08002b28   0x08002b28   0x000000e4   Code   RO         4264    i.pvPortMalloc      heap_4.o
    0x08002c0c   0x08002c0c   0x00000024   Code   RO         4313    i.pxPortInitialiseStack  port.o
    0x08002c30   0x08002c30   0x00000010   Code   RO           17    i.uart_printf_init  uart_stdio.o
    0x08002c40   0x08002c40   0x00000026   Code   RO         2842    i.uxListRemove      list.o
    0x08002c66   0x08002c66   0x00000002   PAD
    0x08002c68   0x08002c68   0x000000b0   Code   RO         3305    i.uxTaskGetSystemState  tasks.o
    0x08002d18   0x08002d18   0x00000014   Code   RO         3898    i.vApplicationGetIdleTaskMemory  cmsis_os2.o
    0x08002d2c   0x08002d2c   0x00000018   Code   RO         3899    i.vApplicationGetTimerTaskMemory  cmsis_os2.o
    0x08002d44   0x08002d44   0x00000002   Code   RO          261    i.vApplicationIdleHook  freertos.o
    0x08002d46   0x08002d46   0x00000016   Code   RO         2843    i.vListInitialise   list.o
    0x08002d5c   0x08002d5c   0x00000006   Code   RO         2844    i.vListInitialiseItem  list.o
    0x08002d62   0x08002d62   0x00000036   Code   RO         2845    i.vListInsert       list.o
    0x08002d98   0x08002d98   0x00000018   Code   RO         2846    i.vListInsertEnd    list.o
    0x08002db0   0x08002db0   0x00000040   Code   RO         4315    i.vPortEnterCritical  port.o
    0x08002df0   0x08002df0   0x0000002c   Code   RO         4316    i.vPortExitCritical  port.o
    0x08002e1c   0x08002e1c   0x0000005c   Code   RO         4265    i.vPortFree         heap_4.o
    0x08002e78   0x08002e78   0x00000024   Code   RO         4317    i.vPortSetupTimerInterrupt  port.o
    0x08002e9c   0x08002e9c   0x00000054   Code   RO         4318    i.vPortValidateInterruptPriority  port.o
    0x08002ef0   0x08002ef0   0x00000028   Code   RO         2895    i.vQueueAddToRegistry  queue.o
    0x08002f18   0x08002f18   0x0000004a   Code   RO         2899    i.vQueueWaitForMessageRestricted  queue.o
    0x08002f62   0x08002f62   0x00000002   PAD
    0x08002f64   0x08002f64   0x00000050   Code   RO         3310    i.vTaskDelay        tasks.o
    0x08002fb4   0x08002fb4   0x00000078   Code   RO         3314    i.vTaskGetInfo      tasks.o
    0x0800302c   0x0800302c   0x000000d0   Code   RO         3315    i.vTaskGetRunTimeStats  tasks.o
    0x080030fc   0x080030fc   0x00000010   Code   RO         3316    i.vTaskInternalSetTimeOutState  tasks.o
    0x0800310c   0x0800310c   0x0000000c   Code   RO         3318    i.vTaskMissedYield  tasks.o
    0x08003118   0x08003118   0x00000034   Code   RO         3320    i.vTaskPlaceOnEventList  tasks.o
    0x0800314c   0x0800314c   0x0000003c   Code   RO         3321    i.vTaskPlaceOnEventListRestricted  tasks.o
    0x08003188   0x08003188   0x00000094   Code   RO         3329    i.vTaskStartScheduler  tasks.o
    0x0800321c   0x0800321c   0x00000010   Code   RO         3331    i.vTaskSuspendAll   tasks.o
    0x0800322c   0x0800322c   0x00000088   Code   RO         3332    i.vTaskSwitchContext  tasks.o
    0x080032b4   0x080032b4   0x000000b4   Code   RO         4319    i.xPortStartScheduler  port.o
    0x08003368   0x08003368   0x0000002c   Code   RO         4320    i.xPortSysTickHandler  port.o
    0x08003394   0x08003394   0x00000070   Code   RO         2905    i.xQueueGenericCreateStatic  queue.o
    0x08003404   0x08003404   0x00000090   Code   RO         2906    i.xQueueGenericReset  queue.o
    0x08003494   0x08003494   0x00000170   Code   RO         2907    i.xQueueGenericSend  queue.o
    0x08003604   0x08003604   0x000000bc   Code   RO         2908    i.xQueueGenericSendFromISR  queue.o
    0x080036c0   0x080036c0   0x00000148   Code   RO         2917    i.xQueueReceive     queue.o
    0x08003808   0x08003808   0x00000080   Code   RO         3333    i.xTaskCheckForTimeOut  tasks.o
    0x08003888   0x08003888   0x0000006c   Code   RO         3334    i.xTaskCreate       tasks.o
    0x080038f4   0x080038f4   0x00000060   Code   RO         3335    i.xTaskCreateStatic  tasks.o
    0x08003954   0x08003954   0x0000001c   Code   RO         3339    i.xTaskGetSchedulerState  tasks.o
    0x08003970   0x08003970   0x0000000c   Code   RO         3340    i.xTaskGetTickCount  tasks.o
    0x0800397c   0x0800397c   0x000000cc   Code   RO         3342    i.xTaskIncrementTick  tasks.o
    0x08003a48   0x08003a48   0x00000080   Code   RO         3345    i.xTaskPriorityDisinherit  tasks.o
    0x08003ac8   0x08003ac8   0x00000078   Code   RO         3347    i.xTaskRemoveFromEventList  tasks.o
    0x08003b40   0x08003b40   0x000000cc   Code   RO         3348    i.xTaskResumeAll    tasks.o
    0x08003c0c   0x08003c0c   0x00000068   Code   RO         3687    i.xTimerCreateTimerTask  timers.o
    0x08003c74   0x08003c74   0x00000074   Code   RO         3688    i.xTimerGenericCommand  timers.o
    0x08003ce8   0x08003ce8   0x00000004   Data   RO           19    .constdata          uart_stdio.o
    0x08003cec   0x08003cec   0x0000006c   Data   RO          167    .constdata          main.o
    0x08003d58   0x08003d58   0x00000012   Data   RO          657    .constdata          stm32f1xx_hal_rcc.o
    0x08003d6a   0x08003d6a   0x00000010   Data   RO         2678    .constdata          system_stm32f1xx.o
    0x08003d7a   0x08003d7a   0x00000008   Data   RO         2679    .constdata          system_stm32f1xx.o
    0x08003d82   0x08003d82   0x00000002   PAD
    0x08003d84   0x08003d84   0x00000011   Data   RO           20    .conststring        uart_stdio.o
    0x08003d95   0x08003d95   0x00000003   PAD
    0x08003d98   0x08003d98   0x00000024   Data   RO          168    .conststring        main.o
    0x08003dbc   0x08003dbc   0x00000020   Data   RO         4611    Region$$Table       anon$$obj.o


    Execution Region RW_IRAM1 (Exec base: 0x20000000, Load base: 0x08003ddc, Size: 0x00002508, Max: 0x00002800, ABSOLUTE)

    Exec Addr    Load Addr    Size         Type   Attr      Idx    E Section Name        Object

    0x20000000   0x08003ddc   0x00000004   Data   RW           21    .data               uart_stdio.o
    0x20000004   0x08003de0   0x00000014   Data   RW          169    .data               main.o
    0x20000018   0x08003df4   0x0000000c   Data   RW          494    .data               stm32f1xx_hal.o
    0x20000024   0x08003e00   0x00000004   Data   RW         2680    .data               system_stm32f1xx.o
    0x20000028   0x08003e04   0x00000044   Data   RW         3351    .data               tasks.o
    0x2000006c   0x08003e48   0x00000014   Data   RW         3696    .data               timers.o
    0x20000080   0x08003e5c   0x00000004   Data   RW         3902    .data               cmsis_os2.o
    0x20000084   0x08003e60   0x00000018   Data   RW         4270    .data               heap_4.o
    0x2000009c   0x08003e78   0x0000000c   Data   RW         4321    .data               port.o
    0x200000a8        -       0x00000404   Zero   RW           18    .bss                uart_stdio.o
    0x200004ac        -       0x00000120   Zero   RW          166    .bss                main.o
    0x200005cc        -       0x00000040   Zero   RW         2921    .bss                queue.o
    0x2000060c        -       0x000004c4   Zero   RW         3350    .bss                tasks.o
    0x20000ad0        -       0x00000118   Zero   RW         3695    .bss                timers.o
    0x20000be8        -       0x000006c0   Zero   RW         3901    .bss                cmsis_os2.o
    0x200012a8        -       0x00000c00   Zero   RW         4269    .bss                heap_4.o
    0x20001ea8        -       0x00000060   Zero   RW         4483    .bss                c_w.l(libspace.o)
    0x20001f08        -       0x00000200   Zero   RW            2    HEAP                startup_stm32f103xb.o
    0x20002108        -       0x00000400   Zero   RW            1    STACK               startup_stm32f103xb.o


==============================================================================

Image component sizes


      Code (inc. data)   RO Data    RW Data    ZI Data      Debug   Object Name

       444         34          0          4       1728      14406   cmsis_os2.o
         0          0          0          0          0      20112   event_groups.o
         4          0          0          0          0       3503   freertos.o
       492         32          0         24       3072       4807   heap_4.o
       144          0          0          0          0       3418   list.o
       946        192        144         20        288      13638   main.o
       686         72          0         12          0      10777   port.o
      1594         24          0          0         64      17096   queue.o
        64         26        236          0       1536        804   startup_stm32f103xb.o
       128         24          0         12          0       5249   stm32f1xx_hal.o
       210         16          0          0          0      28523   stm32f1xx_hal_cortex.o
       494         22          0          0          0       2800   stm32f1xx_hal_gpio.o
       316         22          0          0          0       2312   stm32f1xx_hal_msp.o
      1460         82         18          0          0       4726   stm32f1xx_hal_rcc.o
      1352         20          0          0          0      10688   stm32f1xx_hal_tim.o
       114          0          0          0          0       2373   stm32f1xx_hal_tim_ex.o
       640          6          0          0          0       4315   stm32f1xx_hal_uart.o
        60         12          0          0          0       3875   stm32f1xx_it.o
         0          0          0          0          0       8864   stream_buffer.o
         2          0         24          4          0       1095   system_stm32f1xx.o
      2998        266          0         68       1220      29907   tasks.o
      1016         96          0         20        280      26747   timers.o
       848         34         21          4       1028     431464   uart_stdio.o

    ----------------------------------------------------------------------
     14034        980        480        168       9216     651499   Object Totals
         0          0         32          0          0          0   (incl. Generated)
        22          0          5          0          0          0   (incl. Padding)

    ----------------------------------------------------------------------

      Code (inc. data)   RO Data    RW Data    ZI Data      Debug   Library Member Name

         8          0          0          0          0         68   __main.o
       104          0          0          0          0         84   __printf.o
         0          0          0          0          0          0   __rtentry.o
        12          0          0          0          0          0   __rtentry2.o
         6          0          0          0          0          0   __rtentry4.o
        52          8          0          0          0          0   __scatter.o
        26          0          0          0          0          0   __scatter_copy.o
        28          0          0          0          0          0   __scatter_zi.o
        48          6          0          0          0         96   _printf_char_common.o
       120         16          0          0          0         92   _printf_dec.o
       178          0          0          0          0         88   _printf_intcommon.o
         0          0          0          0          0          0   _printf_percent.o
         4          0          0          0          0          0   _printf_percent_end.o
         6          0          0          0          0          0   _printf_u.o
        10          0          0          0          0         68   _sputc.o
        16          0          0          0          0         68   aeabi_memset.o
        18          0          0          0          0         80   exit.o
         6          0          0          0          0        152   heapauxi.o
         0          0          0          0          0          0   indicate_semi.o
         2          0          0          0          0          0   libinit.o
         2          0          0          0          0          0   libinit2.o
         2          0          0          0          0          0   libshutdown.o
         2          0          0          0          0          0   libshutdown2.o
         8          4          0          0         96         68   libspace.o
        40          6          0          0          0         84   noretval__2sprintf.o
        68          0          0          0          0         68   rt_memclr.o
        78          0          0          0          0         80   rt_memclr_w.o
       138          0          0          0          0         68   rt_memcpy_v6.o
       100          0          0          0          0         80   rt_memcpy_w.o
         2          0          0          0          0          0   rtexit.o
        10          0          0          0          0          0   rtexit2.o
        72          0          0          0          0         80   strcpy.o
        62          0          0          0          0         76   strlen.o
        12          4          0          0          0         68   sys_exit.o
        74          0          0          0          0         80   sys_stackheap_outer.o
         2          0          0          0          0         68   use_no_semi.o

    ----------------------------------------------------------------------
      1322         44          0          0         96       1616   Library Totals
         6          0          0          0          0          0   (incl. Padding)

    ----------------------------------------------------------------------

      Code (inc. data)   RO Data    RW Data    ZI Data      Debug   Library Name

      1316         44          0          0         96       1616   c_w.l

    ----------------------------------------------------------------------
      1322         44          0          0         96       1616   Library Totals

    ----------------------------------------------------------------------

==============================================================================


      Code (inc. data)   RO Data    RW Data    ZI Data      Debug   

     15356       1024        480        168       9312     645623   Grand Totals
     15356       1024        480        168       9312     645623   ELF Image Totals
     15356       1024        480        168          0          0   ROM Totals

==============================================================================

    Total RO  Size (Code + RO Data)                15836 (  15.46kB)
    Total RW  Size (RW Data + ZI Data)              9480 (   9.26kB)
    Total ROM Size (Code + RO Data + RW Data)      16004 (  15.63kB)

==============================================================================

