Archive member included to satisfy reference by file (symbol)

c:/gcc-arm-9.2-2019.12/bin/../lib/gcc/arm-none-eabi/10.3.1/../../../../arm-none-eabi/lib/thumb/v7-m/nofp\libg_nano.a(lib_a-errno.o)
                              CMakeFiles/My_LED_Pro.elf.dir/Core/Src/syscalls.c.obj (__errno)
c:/gcc-arm-9.2-2019.12/bin/../lib/gcc/arm-none-eabi/10.3.1/../../../../arm-none-eabi/lib/thumb/v7-m/nofp\libg_nano.a(lib_a-exit.o)
                              c:/gcc-arm-9.2-2019.12/bin/../lib/gcc/arm-none-eabi/10.3.1/../../../../arm-none-eabi/lib/thumb/v7-m/nofp/crt0.o (exit)
c:/gcc-arm-9.2-2019.12/bin/../lib/gcc/arm-none-eabi/10.3.1/../../../../arm-none-eabi/lib/thumb/v7-m/nofp\libg_nano.a(lib_a-impure.o)
                              c:/gcc-arm-9.2-2019.12/bin/../lib/gcc/arm-none-eabi/10.3.1/../../../../arm-none-eabi/lib/thumb/v7-m/nofp\libg_nano.a(lib_a-exit.o) (_global_impure_ptr)
c:/gcc-arm-9.2-2019.12/bin/../lib/gcc/arm-none-eabi/10.3.1/../../../../arm-none-eabi/lib/thumb/v7-m/nofp\libg_nano.a(lib_a-init.o)
                              c:/gcc-arm-9.2-2019.12/bin/../lib/gcc/arm-none-eabi/10.3.1/../../../../arm-none-eabi/lib/thumb/v7-m/nofp/crt0.o (__libc_init_array)
c:/gcc-arm-9.2-2019.12/bin/../lib/gcc/arm-none-eabi/10.3.1/../../../../arm-none-eabi/lib/thumb/v7-m/nofp\libg_nano.a(lib_a-memset.o)
                              c:/gcc-arm-9.2-2019.12/bin/../lib/gcc/arm-none-eabi/10.3.1/../../../../arm-none-eabi/lib/thumb/v7-m/nofp/crt0.o (memset)

Discarded input sections

 .text          0x00000000        0x0 c:/gcc-arm-9.2-2019.12/bin/../lib/gcc/arm-none-eabi/10.3.1/thumb/v7-m/nofp/crti.o
 .data          0x00000000        0x0 c:/gcc-arm-9.2-2019.12/bin/../lib/gcc/arm-none-eabi/10.3.1/thumb/v7-m/nofp/crti.o
 .bss           0x00000000        0x0 c:/gcc-arm-9.2-2019.12/bin/../lib/gcc/arm-none-eabi/10.3.1/thumb/v7-m/nofp/crti.o
 .data          0x00000000        0x4 c:/gcc-arm-9.2-2019.12/bin/../lib/gcc/arm-none-eabi/10.3.1/thumb/v7-m/nofp/crtbegin.o
 .rodata        0x00000000       0x24 c:/gcc-arm-9.2-2019.12/bin/../lib/gcc/arm-none-eabi/10.3.1/thumb/v7-m/nofp/crtbegin.o
 .text          0x00000000       0x7c c:/gcc-arm-9.2-2019.12/bin/../lib/gcc/arm-none-eabi/10.3.1/../../../../arm-none-eabi/lib/thumb/v7-m/nofp/crt0.o
 .data          0x00000000        0x0 c:/gcc-arm-9.2-2019.12/bin/../lib/gcc/arm-none-eabi/10.3.1/../../../../arm-none-eabi/lib/thumb/v7-m/nofp/crt0.o
 .bss           0x00000000        0x0 c:/gcc-arm-9.2-2019.12/bin/../lib/gcc/arm-none-eabi/10.3.1/../../../../arm-none-eabi/lib/thumb/v7-m/nofp/crt0.o
 .ARM.extab     0x00000000        0x0 c:/gcc-arm-9.2-2019.12/bin/../lib/gcc/arm-none-eabi/10.3.1/../../../../arm-none-eabi/lib/thumb/v7-m/nofp/crt0.o
 .ARM.exidx     0x00000000       0x10 c:/gcc-arm-9.2-2019.12/bin/../lib/gcc/arm-none-eabi/10.3.1/../../../../arm-none-eabi/lib/thumb/v7-m/nofp/crt0.o
 .ARM.attributes
                0x00000000       0x1b c:/gcc-arm-9.2-2019.12/bin/../lib/gcc/arm-none-eabi/10.3.1/../../../../arm-none-eabi/lib/thumb/v7-m/nofp/crt0.o
 .text          0x00000000        0x0 CMakeFiles/My_LED_Pro.elf.dir/Core/Src/main.c.obj
 .data          0x00000000        0x0 CMakeFiles/My_LED_Pro.elf.dir/Core/Src/main.c.obj
 .bss           0x00000000        0x0 CMakeFiles/My_LED_Pro.elf.dir/Core/Src/main.c.obj
 .text          0x00000000        0x0 CMakeFiles/My_LED_Pro.elf.dir/Core/Src/stm32f1xx_hal_msp.c.obj
 .data          0x00000000        0x0 CMakeFiles/My_LED_Pro.elf.dir/Core/Src/stm32f1xx_hal_msp.c.obj
 .bss           0x00000000        0x0 CMakeFiles/My_LED_Pro.elf.dir/Core/Src/stm32f1xx_hal_msp.c.obj
 .text.HAL_TIM_Base_MspDeInit
                0x00000000       0x30 CMakeFiles/My_LED_Pro.elf.dir/Core/Src/stm32f1xx_hal_msp.c.obj
 .text.HAL_UART_MspDeInit
                0x00000000       0x3c CMakeFiles/My_LED_Pro.elf.dir/Core/Src/stm32f1xx_hal_msp.c.obj
 .text          0x00000000        0x0 CMakeFiles/My_LED_Pro.elf.dir/Core/Src/stm32f1xx_it.c.obj
 .data          0x00000000        0x0 CMakeFiles/My_LED_Pro.elf.dir/Core/Src/stm32f1xx_it.c.obj
 .bss           0x00000000        0x0 CMakeFiles/My_LED_Pro.elf.dir/Core/Src/stm32f1xx_it.c.obj
 .text          0x00000000        0x0 CMakeFiles/My_LED_Pro.elf.dir/Core/Src/syscalls.c.obj
 .data          0x00000000        0x0 CMakeFiles/My_LED_Pro.elf.dir/Core/Src/syscalls.c.obj
 .bss           0x00000000        0x0 CMakeFiles/My_LED_Pro.elf.dir/Core/Src/syscalls.c.obj
 .bss.__env     0x00000000        0x4 CMakeFiles/My_LED_Pro.elf.dir/Core/Src/syscalls.c.obj
 .data.environ  0x00000000        0x4 CMakeFiles/My_LED_Pro.elf.dir/Core/Src/syscalls.c.obj
 .text.initialise_monitor_handles
                0x00000000        0xc CMakeFiles/My_LED_Pro.elf.dir/Core/Src/syscalls.c.obj
 .text._getpid  0x00000000        0xe CMakeFiles/My_LED_Pro.elf.dir/Core/Src/syscalls.c.obj
 .text._kill    0x00000000       0x20 CMakeFiles/My_LED_Pro.elf.dir/Core/Src/syscalls.c.obj
 .text._exit    0x00000000       0x14 CMakeFiles/My_LED_Pro.elf.dir/Core/Src/syscalls.c.obj
[...]
Memory Configuration

Name             Origin             Length             Attributes
RAM              0x20000000         0x00005000         xrw
FLASH            0x08000000         0x00010000         xr
*default*        0x00000000         0xffffffff

Linker script and memory map

LOAD c:/gcc-arm-9.2-2019.12/bin/../lib/gcc/arm-none-eabi/10.3.1/thumb/v7-m/nofp/crti.o
LOAD c:/gcc-arm-9.2-2019.12/bin/../lib/gcc/arm-none-eabi/10.3.1/thumb/v7-m/nofp/crtbegin.o
LOAD c:/gcc-arm-9.2-2019.12/bin/../lib/gcc/arm-none-eabi/10.3.1/../../../../arm-none-eabi/lib/thumb/v7-m/nofp/crt0.o
LOAD CMakeFiles/My_LED_Pro.elf.dir/Core/Src/main.c.obj
LOAD CMakeFiles/My_LED_Pro.elf.dir/Core/Src/stm32f1xx_hal_msp.c.obj
LOAD CMakeFiles/My_LED_Pro.elf.dir/Core/Src/stm32f1xx_it.c.obj
LOAD CMakeFiles/My_LED_Pro.elf.dir/Core/Src/syscalls.c.obj
LOAD CMakeFiles/My_LED_Pro.elf.dir/Core/Src/system_stm32f1xx.c.obj
LOAD CMakeFiles/My_LED_Pro.elf.dir/Drivers/STM32F1xx_HAL_Driver/Src/stm32f1xx_hal.c.obj
LOAD CMakeFiles/My_LED_Pro.elf.dir/Drivers/STM32F1xx_HAL_Driver/Src/stm32f1xx_hal_cortex.c.obj
LOAD CMakeFiles/My_LED_Pro.elf.dir/Drivers/STM32F1xx_HAL_Driver/Src/stm32f1xx_hal_dma.c.obj
LOAD CMakeFiles/My_LED_Pro.elf.dir/Drivers/STM32F1xx_HAL_Driver/Src/stm32f1xx_hal_exti.c.obj
LOAD CMakeFiles/My_LED_Pro.elf.dir/Drivers/STM32F1xx_HAL_Driver/Src/stm32f1xx_hal_flash.c.obj
LOAD CMakeFiles/My_LED_Pro.elf.dir/Drivers/STM32F1xx_HAL_Driver/Src/stm32f1xx_hal_flash_ex.c.obj
LOAD CMakeFiles/My_LED_Pro.elf.dir/Drivers/STM32F1xx_HAL_Driver/Src/stm32f1xx_hal_gpio.c.obj
LOAD CMakeFiles/My_LED_Pro.elf.dir/Drivers/STM32F1xx_HAL_Driver/Src/stm32f1xx_hal_gpio_ex.c.obj
LOAD CMakeFiles/My_LED_Pro.elf.dir/Drivers/STM32F1xx_HAL_Driver/Src/stm32f1xx_hal_pwr.c.obj
LOAD CMakeFiles/My_LED_Pro.elf.dir/Drivers/STM32F1xx_HAL_Driver/Src/stm32f1xx_hal_rcc.c.obj
LOAD CMakeFiles/My_LED_Pro.elf.dir/Drivers/STM32F1xx_HAL_Driver/Src/stm32f1xx_hal_rcc_ex.c.obj
LOAD CMakeFiles/My_LED_Pro.elf.dir/Drivers/STM32F1xx_HAL_Driver/Src/stm32f1xx_hal_tim.c.obj
LOAD CMakeFiles/My_LED_Pro.elf.dir/Drivers/STM32F1xx_HAL_Driver/Src/stm32f1xx_hal_tim_ex.c.obj
LOAD CMakeFiles/My_LED_Pro.elf.dir/Drivers/STM32F1xx_HAL_Driver/Src/stm32f1xx_hal_uart.c.obj
LOAD CMakeFiles/My_LED_Pro.elf.dir/startup/startup_stm32f103xb.s.obj
START GROUP
LOAD c:/gcc-arm-9.2-2019.12/bin/../lib/gcc/arm-none-eabi/10.3.1/thumb/v7-m/nofp\libgcc.a
LOAD c:/gcc-arm-9.2-2019.12/bin/../lib/gcc/arm-none-eabi/10.3.1/../../../../arm-none-eabi/lib/thumb/v7-m/nofp\libg_nano.a
LOAD c:/gcc-arm-9.2-2019.12/bin/../lib/gcc/arm-none-eabi/10.3.1/../../../../arm-none-eabi/lib/thumb/v7-m/nofp\libc_nano.a
END GROUP
START GROUP
LOAD c:/gcc-arm-9.2-2019.12/bin/../lib/gcc/arm-none-eabi/10.3.1/thumb/v7-m/nofp\libgcc.a
LOAD c:/gcc-arm-9.2-2019.12/bin/../lib/gcc/arm-none-eabi/10.3.1/../../../../arm-none-eabi/lib/thumb/v7-m/nofp\libc_nano.a
LOAD c:/gcc-arm-9.2-2019.12/bin/../lib/gcc/arm-none-eabi/10.3.1/../../../../arm-none-eabi/lib/thumb/v7-m/nofp\libnosys.a
END GROUP
START GROUP
LOAD c:/gcc-arm-9.2-2019.12/bin/../lib/gcc/arm-none-eabi/10.3.1/thumb/v7-m/nofp\libgcc.a
LOAD c:/gcc-arm-9.2-2019.12/bin/../lib/gcc/arm-none-eabi/10.3.1/../../../../arm-none-eabi/lib/thumb/v7-m/nofp\libc_nano.a
LOAD c:/gcc-arm-9.2-2019.12/bin/../lib/gcc/arm-none-eabi/10.3.1/../../../../arm-none-eabi/lib/thumb/v7-m/nofp\libnosys.a
END GROUP
LOAD c:/gcc-arm-9.2-2019.12/bin/../lib/gcc/arm-none-eabi/10.3.1/thumb/v7-m/nofp/crtend.o
LOAD c:/gcc-arm-9.2-2019.12/bin/../lib/gcc/arm-none-eabi/10.3.1/thumb/v7-m/nofp/crtn.o
                0x20005000                _estack = (ORIGIN (RAM) + LENGTH (RAM))
                0x00000200                _Min_Heap_Size = 0x200
                0x00000400                _Min_Stack_Size = 0x400

.isr_vector     0x08000000      0x10c
                0x08000000                . = ALIGN (0x4)
 *(.isr_vector)
 .isr_vector    0x08000000      0x10c CMakeFiles/My_LED_Pro.elf.dir/startup/startup_stm32f103xb.s.obj
                0x08000000                g_pfnVectors
                0x0800010c                . = ALIGN (0x4)

.text           0x0800010c     0x1afc
                0x0800010c                . = ALIGN (0x4)
 *(.text)
 .text          0x0800010c       0x40 c:/gcc-arm-9.2-2019.12/bin/../lib/gcc/arm-none-eabi/10.3.1/thumb/v7-m/nofp/crtbegin.o
 *(.text*)
 .text.main     0x0800014c       0x1a CMakeFiles/My_LED_Pro.elf.dir/Core/Src/main.c.obj
                0x0800014c                main
 .text.SystemClock_Config
                0x08000166       0x82 CMakeFiles/My_LED_Pro.elf.dir/Core/Src/main.c.obj
                0x08000166                SystemClock_Config
 .text.MX_TIM1_Init
                0x080001e8       0xd0 CMakeFiles/My_LED_Pro.elf.dir/Core/Src/main.c.obj
 .text.MX_USART1_UART_Init
                0x080002b8       0x54 CMakeFiles/My_LED_Pro.elf.dir/Core/Src/main.c.obj
 .text.MX_GPIO_Init
                0x0800030c       0x80 CMakeFiles/My_LED_Pro.elf.dir/Core/Src/main.c.obj
 .text.Error_Handler
                0x0800038c        0xa CMakeFiles/My_LED_Pro.elf.dir/Core/Src/main.c.obj
                0x0800038c                Error_Handler
 *fill*         0x08000396        0x2 
 .text.HAL_MspInit
                0x08000398       0x64 CMakeFiles/My_LED_Pro.elf.dir/Core/Src/stm32f1xx_hal_msp.c.obj
                0x08000398                HAL_MspInit
 .text.HAL_TIM_Base_MspInit
                0x080003fc       0x3c CMakeFiles/My_LED_Pro.elf.dir/Core/Src/stm32f1xx_hal_msp.c.obj
                0x080003fc                HAL_TIM_Base_MspInit
 .text.HAL_UART_MspInit
                0x08000438       0x98 CMakeFiles/My_LED_Pro.elf.dir/Core/Src/stm32f1xx_hal_msp.c.obj
                0x08000438                HAL_UART_MspInit
 .text.NMI_Handler
                0x080004d0        0x6 CMakeFiles/My_LED_Pro.elf.dir/Core/Src/stm32f1xx_it.c.obj
                0x080004d0                NMI_Handler
 .text.HardFault_Handler
                0x080004d6        0x6 CMakeFiles/My_LED_Pro.elf.dir/Core/Src/stm32f1xx_it.c.obj
                0x080004d6                HardFault_Handler
 .text.MemManage_Handler
                0x080004dc        0x6 CMakeFiles/My_LED_Pro.elf.dir/Core/Src/stm32f1xx_it.c.obj
                0x080004dc                MemManage_Handler
 .text.BusFault_Handler
                0x080004e2        0x6 CMakeFiles/My_LED_Pro.elf.dir/Core/Src/stm32f1xx_it.c.obj
                0x080004e2                BusFault_Handler
 .text.UsageFault_Handler
                0x080004e8        0x6 CMakeFiles/My_LED_Pro.elf.dir/Core/Src/stm32f1xx_it.c.obj
                0x080004e8                UsageFault_Handler
 .text.SVC_Handler
                0x080004ee        0xc CMakeFiles/My_LED_Pro.elf.dir/Core/Src/stm32f1xx_it.c.obj
                0x080004ee                SVC_Handler
 .text.DebugMon_Handler
                0x080004fa        0xc CMakeFiles/My_LED_Pro.elf.dir/Core/Src/stm32f1xx_it.c.obj
                0x080004fa                DebugMon_Handler
 .text.PendSV_Handler
                0x08000506        0xc CMakeFiles/My_LED_Pro.elf.dir/Core/Src/stm32f1xx_it.c.obj
                0x08000506                PendSV_Handler
 .text.SysTick_Handler
                0x08000512        0xc CMakeFiles/My_LED_Pro.elf.dir/Core/Src/stm32f1xx_it.c.obj
                0x08000512                SysTick_Handler
 .text.SystemInit
                0x0800051e        0xc CMakeFiles/My_LED_Pro.elf.dir/Core/Src/system_stm32f1xx.c.obj
                0x0800051e                SystemInit
 *fill*         0x0800052a        0x2 
 .text.HAL_Init
                0x0800052c       0x2c CMakeFiles/My_LED_Pro.elf.dir/Drivers/STM32F1xx_HAL_Driver/Src/stm32f1xx_hal.c.obj
                0x0800052c                HAL_Init
 .text.HAL_InitTick
                0x08000558       0x60 CMakeFiles/My_LED_Pro.elf.dir/Drivers/STM32F1xx_HAL_Driver/Src/stm32f1xx_hal.c.obj
                0x08000558                HAL_InitTick
 .text.HAL_IncTick
                0x080005b8       0x24 CMakeFiles/My_LED_Pro.elf.dir/Drivers/STM32F1xx_HAL_Driver/Src/stm32f1xx_hal.c.obj
                0x080005b8                HAL_IncTick
 .text.HAL_GetTick
                0x080005dc       0x14 CMakeFiles/My_LED_Pro.elf.dir/Drivers/STM32F1xx_HAL_Driver/Src/stm32f1xx_hal.c.obj
                0x080005dc                HAL_GetTick
 .text.__NVIC_SetPriorityGrouping
                0x080005f0       0x48 CMakeFiles/My_LED_Pro.elf.dir/Drivers/STM32F1xx_HAL_Driver/Src/stm32f1xx_hal_cortex.c.obj
 .text.__NVIC_GetPriorityGrouping
                0x08000638       0x1c CMakeFiles/My_LED_Pro.elf.dir/Drivers/STM32F1xx_HAL_Driver/Src/stm32f1xx_hal_cortex.c.obj
 .text.__NVIC_SetPriority
                0x08000654       0x54 CMakeFiles/My_LED_Pro.elf.dir/Drivers/STM32F1xx_HAL_Driver/Src/stm32f1xx_hal_cortex.c.obj
 .text.NVIC_EncodePriority
                0x080006a8       0x64 CMakeFiles/My_LED_Pro.elf.dir/Drivers/STM32F1xx_HAL_Driver/Src/stm32f1xx_hal_cortex.c.obj
 .text.SysTick_Config
                0x0800070c       0x44 CMakeFiles/My_LED_Pro.elf.dir/Drivers/STM32F1xx_HAL_Driver/Src/stm32f1xx_hal_cortex.c.obj
 .text.HAL_NVIC_SetPriorityGrouping
                0x08000750       0x16 CMakeFiles/My_LED_Pro.elf.dir/Drivers/STM32F1xx_HAL_Driver/Src/stm32f1xx_hal_cortex.c.obj
                0x08000750                HAL_NVIC_SetPriorityGrouping
 .text.HAL_NVIC_SetPriority
                0x08000766       0x38 CMakeFiles/My_LED_Pro.elf.dir/Drivers/STM32F1xx_HAL_Driver/Src/stm32f1xx_hal_cortex.c.obj
                0x08000766                HAL_NVIC_SetPriority
 .text.HAL_SYSTICK_Config
                0x0800079e       0x18 CMakeFiles/My_LED_Pro.elf.dir/Drivers/STM32F1xx_HAL_Driver/Src/stm32f1xx_hal_cortex.c.obj
                0x0800079e                HAL_SYSTICK_Config
 *fill*         0x080007b6        0x2 
 .text.HAL_GPIO_Init
                0x080007b8      0x308 CMakeFiles/My_LED_Pro.elf.dir/Drivers/STM32F1xx_HAL_Driver/Src/stm32f1xx_hal_gpio.c.obj
                0x080007b8                HAL_GPIO_Init
 .text.HAL_GPIO_WritePin
                0x08000ac0       0x30 CMakeFiles/My_LED_Pro.elf.dir/Drivers/STM32F1xx_HAL_Driver/Src/stm32f1xx_hal_gpio.c.obj
                0x08000ac0                HAL_GPIO_WritePin
 .text.HAL_RCC_OscConfig
                0x08000af0      0x504 CMakeFiles/My_LED_Pro.elf.dir/Drivers/STM32F1xx_HAL_Driver/Src/stm32f1xx_hal_rcc.c.obj
                0x08000af0                HAL_RCC_OscConfig
 .text.HAL_RCC_ClockConfig
                0x08000ff4      0x1d4 CMakeFiles/My_LED_Pro.elf.dir/Drivers/STM32F1xx_HAL_Driver/Src/stm32f1xx_hal_rcc.c.obj
                0x08000ff4                HAL_RCC_ClockConfig
 .text.HAL_RCC_GetSysClockFreq
                0x080011c8       0xa8 CMakeFiles/My_LED_Pro.elf.dir/Drivers/STM32F1xx_HAL_Driver/Src/stm32f1xx_hal_rcc.c.obj
                0x080011c8                HAL_RCC_GetSysClockFreq
 .text.HAL_RCC_GetHCLKFreq
                0x08001270       0x14 CMakeFiles/My_LED_Pro.elf.dir/Drivers/STM32F1xx_HAL_Driver/Src/stm32f1xx_hal_rcc.c.obj
                0x08001270                HAL_RCC_GetHCLKFreq
 .text.HAL_RCC_GetPCLK1Freq
                0x08001284       0x28 CMakeFiles/My_LED_Pro.elf.dir/Drivers/STM32F1xx_HAL_Driver/Src/stm32f1xx_hal_rcc.c.obj
                0x08001284                HAL_RCC_GetPCLK1Freq
 .text.HAL_RCC_GetPCLK2Freq
                0x080012ac       0x28 CMakeFiles/My_LED_Pro.elf.dir/Drivers/STM32F1xx_HAL_Driver/Src/stm32f1xx_hal_rcc.c.obj
                0x080012ac                HAL_RCC_GetPCLK2Freq
 .text.RCC_Delay
                0x080012d4       0x3c CMakeFiles/My_LED_Pro.elf.dir/Drivers/STM32F1xx_HAL_Driver/Src/stm32f1xx_hal_rcc.c.obj
 .text.HAL_TIM_Base_Init
                0x08001310       0x9e CMakeFiles/My_LED_Pro.elf.dir/Drivers/STM32F1xx_HAL_Driver/Src/stm32f1xx_hal_tim.c.obj
                0x08001310                HAL_TIM_Base_Init
 .text.HAL_TIM_ConfigClockSource
                0x080013ae      0x18e CMakeFiles/My_LED_Pro.elf.dir/Drivers/STM32F1xx_HAL_Driver/Src/stm32f1xx_hal_tim.c.obj
                0x080013ae                HAL_TIM_ConfigClockSource
 .text.HAL_TIM_SlaveConfigSynchro
                0x0800153c       0x84 CMakeFiles/My_LED_Pro.elf.dir/Drivers/STM32F1xx_HAL_Driver/Src/stm32f1xx_hal_tim.c.obj
                0x0800153c                HAL_TIM_SlaveConfigSynchro
 .text.TIM_Base_SetConfig
                0x080015c0       0xc4 CMakeFiles/My_LED_Pro.elf.dir/Drivers/STM32F1xx_HAL_Driver/Src/stm32f1xx_hal_tim.c.obj
                0x080015c0                TIM_Base_SetConfig
 .text.TIM_SlaveTimer_SetConfig
                0x08001684      0x122 CMakeFiles/My_LED_Pro.elf.dir/Drivers/STM32F1xx_HAL_Driver/Src/stm32f1xx_hal_tim.c.obj
 .text.TIM_TI1_ConfigInputStage
                0x080017a6       0x5c CMakeFiles/My_LED_Pro.elf.dir/Drivers/STM32F1xx_HAL_Driver/Src/stm32f1xx_hal_tim.c.obj
 .text.TIM_TI2_ConfigInputStage
                0x08001802       0x5e CMakeFiles/My_LED_Pro.elf.dir/Drivers/STM32F1xx_HAL_Driver/Src/stm32f1xx_hal_tim.c.obj
 .text.TIM_ITRx_SetConfig
                0x08001860       0x34 CMakeFiles/My_LED_Pro.elf.dir/Drivers/STM32F1xx_HAL_Driver/Src/stm32f1xx_hal_tim.c.obj
 .text.TIM_ETR_SetConfig
                0x08001894       0x3e CMakeFiles/My_LED_Pro.elf.dir/Drivers/STM32F1xx_HAL_Driver/Src/stm32f1xx_hal_tim.c.obj
                0x08001894                TIM_ETR_SetConfig
 *fill*         0x080018d2        0x2 
 .text.HAL_TIMEx_MasterConfigSynchronization
                0x080018d4       0xbc CMakeFiles/My_LED_Pro.elf.dir/Drivers/STM32F1xx_HAL_Driver/Src/stm32f1xx_hal_tim_ex.c.obj
                0x080018d4                HAL_TIMEx_MasterConfigSynchronization
 .text.HAL_UART_Init
                0x08001990       0xa0 CMakeFiles/My_LED_Pro.elf.dir/Drivers/STM32F1xx_HAL_Driver/Src/stm32f1xx_hal_uart.c.obj
                0x08001990                HAL_UART_Init
 .text.UART_SetConfig
                0x08001a30      0x11c CMakeFiles/My_LED_Pro.elf.dir/Drivers/STM32F1xx_HAL_Driver/Src/stm32f1xx_hal_uart.c.obj
 .text.Reset_Handler
                0x08001b4c       0x48 CMakeFiles/My_LED_Pro.elf.dir/startup/startup_stm32f103xb.s.obj
                0x08001b4c                Reset_Handler
 .text.Default_Handler
                0x08001b94        0x2 CMakeFiles/My_LED_Pro.elf.dir/startup/startup_stm32f103xb.s.obj
                0x08001b94                RTC_Alarm_IRQHandler
                0x08001b94                EXTI2_IRQHandler
                0x08001b94                TIM1_CC_IRQHandler
                0x08001b94                PVD_IRQHandler
                0x08001b94                EXTI3_IRQHandler
                0x08001b94                EXTI0_IRQHandler
                0x08001b94                I2C2_EV_IRQHandler
                0x08001b94                ADC1_2_IRQHandler
                0x08001b94                SPI1_IRQHandler
                0x08001b94                TAMPER_IRQHandler
                0x08001b94                DMA1_Channel4_IRQHandler
                0x08001b94                USART3_IRQHandler
                0x08001b94                RTC_IRQHandler
                0x08001b94                DMA1_Channel7_IRQHandler
                0x08001b94                CAN1_RX1_IRQHandler
                0x08001b94                TIM4_IRQHandler
                0x08001b94                I2C1_EV_IRQHandler
                0x08001b94                DMA1_Channel6_IRQHandler
                0x08001b94                TIM3_IRQHandler
                0x08001b94                RCC_IRQHandler
                0x08001b94                TIM1_TRG_COM_IRQHandler
                0x08001b94                DMA1_Channel1_IRQHandler
                0x08001b94                Default_Handler
                0x08001b94                EXTI15_10_IRQHandler
                0x08001b94                EXTI9_5_IRQHandler
                0x08001b94                SPI2_IRQHandler
                0x08001b94                DMA1_Channel5_IRQHandler
                0x08001b94                EXTI4_IRQHandler
                0x08001b94                USB_LP_CAN1_RX0_IRQHandler
                0x08001b94                USB_HP_CAN1_TX_IRQHandler
                0x08001b94                DMA1_Channel3_IRQHandler
                0x08001b94                TIM1_UP_IRQHandler
                0x08001b94                WWDG_IRQHandler
                0x08001b94                TIM2_IRQHandler
                0x08001b94                TIM1_BRK_IRQHandler
                0x08001b94                EXTI1_IRQHandler
                0x08001b94                USART2_IRQHandler
                0x08001b94                I2C2_ER_IRQHandler
                0x08001b94                DMA1_Channel2_IRQHandler
                0x08001b94                CAN1_SCE_IRQHandler
                0x08001b94                FLASH_IRQHandler
                0x08001b94                USART1_IRQHandler
                0x08001b94                I2C1_ER_IRQHandler
                0x08001b94                USBWakeUp_IRQHandler
 *fill*         0x08001b96        0x2 
 .text.__libc_init_array
                0x08001b98       0x48 c:/gcc-arm-9.2-2019.12/bin/../lib/gcc/arm-none-eabi/10.3.1/../../../../arm-none-eabi/lib/thumb/v7-m/nofp\libg_nano.a(lib_a-init.o)
                0x08001b98                __libc_init_array
 .text.memset   0x08001be0       0x10 c:/gcc-arm-9.2-2019.12/bin/../lib/gcc/arm-none-eabi/10.3.1/../../../../arm-none-eabi/lib/thumb/v7-m/nofp\libg_nano.a(lib_a-memset.o)
                0x08001be0                memset
 *(.glue_7)
 .glue_7        0x08001bf0        0x0 linker stubs
 *(.glue_7t)
 .glue_7t       0x08001bf0        0x0 linker stubs
 *(.eh_frame)
 .eh_frame      0x08001bf0        0x0 c:/gcc-arm-9.2-2019.12/bin/../lib/gcc/arm-none-eabi/10.3.1/thumb/v7-m/nofp/crtbegin.o
 *(.init)
 .init          0x08001bf0        0x4 c:/gcc-arm-9.2-2019.12/bin/../lib/gcc/arm-none-eabi/10.3.1/thumb/v7-m/nofp/crti.o
                0x08001bf0                _init
 .init          0x08001bf4        0x8 c:/gcc-arm-9.2-2019.12/bin/../lib/gcc/arm-none-eabi/10.3.1/thumb/v7-m/nofp/crtn.o
 *(.fini)
 .fini          0x08001bfc        0x4 c:/gcc-arm-9.2-2019.12/bin/../lib/gcc/arm-none-eabi/10.3.1/thumb/v7-m/nofp/crti.o
                0x08001bfc                _fini
 .fini          0x08001c00        0x8 c:/gcc-arm-9.2-2019.12/bin/../lib/gcc/arm-none-eabi/10.3.1/thumb/v7-m/nofp/crtn.o
                0x08001c08                . = ALIGN (0x4)
                0x08001c08                _etext = .

.vfp11_veneer   0x08001c08        0x0
 .vfp11_veneer  0x08001c08        0x0 linker stubs

.v4_bx          0x08001c08        0x0
 .v4_bx         0x08001c08        0x0 linker stubs

.iplt           0x08001c08        0x0
 .iplt          0x08001c08        0x0 c:/gcc-arm-9.2-2019.12/bin/../lib/gcc/arm-none-eabi/10.3.1/thumb/v7-m/nofp/crtbegin.o

.rodata         0x08001c08       0x2c
                0x08001c08                . = ALIGN (0x4)
 *(.rodata)
 *(.rodata*)
 .rodata.AHBPrescTable
                0x08001c08       0x10 CMakeFiles/My_LED_Pro.elf.dir/Core/Src/system_stm32f1xx.c.obj
                0x08001c08                AHBPrescTable
 .rodata.APBPrescTable
                0x08001c18        0x8 CMakeFiles/My_LED_Pro.elf.dir/Core/Src/system_stm32f1xx.c.obj
                0x08001c18                APBPrescTable
 .rodata.aPLLMULFactorTable.1
                0x08001c20       0x10 CMakeFiles/My_LED_Pro.elf.dir/Drivers/STM32F1xx_HAL_Driver/Src/stm32f1xx_hal_rcc.c.obj
 .rodata.aPredivFactorTable.0
                0x08001c30        0x2 CMakeFiles/My_LED_Pro.elf.dir/Drivers/STM32F1xx_HAL_Driver/Src/stm32f1xx_hal_rcc.c.obj
                0x08001c34                . = ALIGN (0x4)
 *fill*         0x08001c32        0x2 

.rel.dyn        0x08001c34        0x0
 .rel.iplt      0x08001c34        0x0 c:/gcc-arm-9.2-2019.12/bin/../lib/gcc/arm-none-eabi/10.3.1/thumb/v7-m/nofp/crtbegin.o

.ARM.extab
 *(.ARM.extab* .gnu.linkonce.armextab.*)

.ARM            0x08001c34        0x0
                0x08001c34                __exidx_start = .
 *(.ARM.exidx*)
                0x08001c34                __exidx_end = .

.preinit_array  0x08001c34        0x0
                0x08001c34                PROVIDE (__preinit_array_start = .)
 *(.preinit_array*)
                0x08001c34                PROVIDE (__preinit_array_end = .)

.init_array     0x08001c34        0x4
                0x08001c34                PROVIDE (__init_array_start = .)
 *(SORT_BY_NAME(.init_array.*))
 *(.init_array*)
 .init_array    0x08001c34        0x4 c:/gcc-arm-9.2-2019.12/bin/../lib/gcc/arm-none-eabi/10.3.1/thumb/v7-m/nofp/crtbegin.o
                0x08001c38                PROVIDE (__init_array_end = .)

.fini_array     0x08001c38        0x4
                [!provide]                PROVIDE (__fini_array_start = .)
 *(SORT_BY_NAME(.fini_array.*))
 *(.fini_array*)
 .fini_array    0x08001c38        0x4 c:/gcc-arm-9.2-2019.12/bin/../lib/gcc/arm-none-eabi/10.3.1/thumb/v7-m/nofp/crtbegin.o
                [!provide]                PROVIDE (__fini_array_end = .)
                0x08001c3c                _sidata = LOADADDR (.data)

.data           0x20000000        0xc load address 0x08001c3c
                0x20000000                . = ALIGN (0x4)
                0x20000000                _sdata = .
 *(.data)
 *(.data*)
 .data.SystemCoreClock
                0x20000000        0x4 CMakeFiles/My_LED_Pro.elf.dir/Core/Src/system_stm32f1xx.c.obj
                0x20000000                SystemCoreClock
 .data.uwTickPrio
                0x20000004        0x4 CMakeFiles/My_LED_Pro.elf.dir/Drivers/STM32F1xx_HAL_Driver/Src/stm32f1xx_hal.c.obj
                0x20000004                uwTickPrio
 .data.uwTickFreq
                0x20000008        0x1 CMakeFiles/My_LED_Pro.elf.dir/Drivers/STM32F1xx_HAL_Driver/Src/stm32f1xx_hal.c.obj
                0x20000008                uwTickFreq
                0x2000000c                . = ALIGN (0x4)
 *fill*         0x20000009        0x3 
                0x2000000c                _edata = .

.igot.plt       0x2000000c        0x0 load address 0x08001c48
 .igot.plt      0x2000000c        0x0 c:/gcc-arm-9.2-2019.12/bin/../lib/gcc/arm-none-eabi/10.3.1/thumb/v7-m/nofp/crtbegin.o
                0x2000000c                . = ALIGN (0x4)

.bss            0x2000000c       0xb0 load address 0x08001c48
                0x2000000c                _sbss = .
                0x2000000c                __bss_start__ = _sbss
 *(.bss)
 .bss           0x2000000c       0x1c c:/gcc-arm-9.2-2019.12/bin/../lib/gcc/arm-none-eabi/10.3.1/thumb/v7-m/nofp/crtbegin.o
 *(.bss*)
 .bss.htim1     0x20000028       0x48 CMakeFiles/My_LED_Pro.elf.dir/Core/Src/main.c.obj
                0x20000028                htim1
 .bss.huart1    0x20000070       0x48 CMakeFiles/My_LED_Pro.elf.dir/Core/Src/main.c.obj
                0x20000070                huart1
 .bss.uwTick    0x200000b8        0x4 CMakeFiles/My_LED_Pro.elf.dir/Drivers/STM32F1xx_HAL_Driver/Src/stm32f1xx_hal.c.obj
                0x200000b8                uwTick
 *(COMMON)
                0x200000bc                . = ALIGN (0x4)
                0x200000bc                _ebss = .
                0x200000bc                __bss_end__ = _ebss

._user_heap_stack
                0x200000bc      0x604 load address 0x08001c48
                0x200000c0                . = ALIGN (0x8)
 *fill*         0x200000bc        0x4 
                0x200000c0                PROVIDE (end = .)
                [!provide]                PROVIDE (_end = .)
                0x200002c0                . = (. + _Min_Heap_Size)
 *fill*         0x200000c0      0x200 
                0x200006c0                . = (. + _Min_Stack_Size)
 *fill*         0x200002c0      0x400 
                0x200006c0                . = ALIGN (0x8)

/DISCARD/
 libc.a(*)
 libm.a(*)
 libgcc.a(*)

.ARM.attributes
                0x00000000       0x29
 *(.ARM.attributes)
 .ARM.attributes
                0x00000000       0x1d c:/gcc-arm-9.2-2019.12/bin/../lib/gcc/arm-none-eabi/10.3.1/thumb/v7-m/nofp/crti.o
 .ARM.attributes
                0x0000001d       0x2d c:/gcc-arm-9.2-2019.12/bin/../lib/gcc/arm-none-eabi/10.3.1/thumb/v7-m/nofp/crtbegin.o
 .ARM.attributes
                0x0000004a       0x2d CMakeFiles/My_LED_Pro.elf.dir/Core/Src/main.c.obj
 .ARM.attributes
                0x00000077       0x2d CMakeFiles/My_LED_Pro.elf.dir/Core/Src/stm32f1xx_hal_msp.c.obj
 .ARM.attributes
                0x000000a4       0x2d CMakeFiles/My_LED_Pro.elf.dir/Core/Src/stm32f1xx_it.c.obj
 .ARM.attributes
                0x000000d1       0x2d CMakeFiles/My_LED_Pro.elf.dir/Core/Src/system_stm32f1xx.c.obj
 .ARM.attributes
                0x000000fe       0x2d CMakeFiles/My_LED_Pro.elf.dir/Drivers/STM32F1xx_HAL_Driver/Src/stm32f1xx_hal.c.obj
 .ARM.attributes
                0x0000012b       0x2d CMakeFiles/My_LED_Pro.elf.dir/Drivers/STM32F1xx_HAL_Driver/Src/stm32f1xx_hal_cortex.c.obj
 .ARM.attributes
                0x00000158       0x2d CMakeFiles/My_LED_Pro.elf.dir/Drivers/STM32F1xx_HAL_Driver/Src/stm32f1xx_hal_gpio.c.obj
 .ARM.attributes
                0x00000185       0x2d CMakeFiles/My_LED_Pro.elf.dir/Drivers/STM32F1xx_HAL_Driver/Src/stm32f1xx_hal_rcc.c.obj
 .ARM.attributes
                0x000001b2       0x2d CMakeFiles/My_LED_Pro.elf.dir/Drivers/STM32F1xx_HAL_Driver/Src/stm32f1xx_hal_tim.c.obj
 .ARM.attributes
                0x000001df       0x2d CMakeFiles/My_LED_Pro.elf.dir/Drivers/STM32F1xx_HAL_Driver/Src/stm32f1xx_hal_tim_ex.c.obj
 .ARM.attributes
                0x0000020c       0x2d CMakeFiles/My_LED_Pro.elf.dir/Drivers/STM32F1xx_HAL_Driver/Src/stm32f1xx_hal_uart.c.obj
 .ARM.attributes
                0x00000239       0x21 CMakeFiles/My_LED_Pro.elf.dir/startup/startup_stm32f103xb.s.obj
 .ARM.attributes
                0x0000025a       0x2d c:/gcc-arm-9.2-2019.12/bin/../lib/gcc/arm-none-eabi/10.3.1/../../../../arm-none-eabi/lib/thumb/v7-m/nofp\libg_nano.a(lib_a-init.o)
 .ARM.attributes
                0x00000287       0x2d c:/gcc-arm-9.2-2019.12/bin/../lib/gcc/arm-none-eabi/10.3.1/../../../../arm-none-eabi/lib/thumb/v7-m/nofp\libg_nano.a(lib_a-memset.o)
 .ARM.attributes
                0x000002b4       0x1d c:/gcc-arm-9.2-2019.12/bin/../lib/gcc/arm-none-eabi/10.3.1/thumb/v7-m/nofp/crtn.o
OUTPUT(My_LED_Pro.elf elf32-littlearm)
LOAD linker stubs
LOAD c:/gcc-arm-9.2-2019.12/bin/../lib/gcc/arm-none-eabi/10.3.1/../../../../arm-none-eabi/lib/thumb/v7-m/nofp\libc.a
LOAD c:/gcc-arm-9.2-2019.12/bin/../lib/gcc/arm-none-eabi/10.3.1/../../../../arm-none-eabi/lib/thumb/v7-m/nofp\libm.a
LOAD c:/gcc-arm-9.2-2019.12/bin/../lib/gcc/arm-none-eabi/10.3.1/thumb/v7-m/nofp\libgcc.a

.debug_info     0x00000000     0xad6d
 .debug_info    0x00000000      0xd76 CMakeFiles/My_LED_Pro.elf.dir/Core/Src/main.c.obj
 .debug_info    0x00000d76      0xbd5 CMakeFiles/My_LED_Pro.elf.dir/Core/Src/stm32f1xx_hal_msp.c.obj
 .debug_info    0x0000194b      0x10e CMakeFiles/My_LED_Pro.elf.dir/Core/Src/stm32f1xx_it.c.obj
 .debug_info    0x00001a59      0x232 CMakeFiles/My_LED_Pro.elf.dir/Core/Src/system_stm32f1xx.c.obj
 .debug_info    0x00001c8b      0x6d6 CMakeFiles/My_LED_Pro.elf.dir/Drivers/STM32F1xx_HAL_Driver/Src/stm32f1xx_hal.c.obj
 .debug_info    0x00002361      0xb15 CMakeFiles/My_LED_Pro.elf.dir/Drivers/STM32F1xx_HAL_Driver/Src/stm32f1xx_hal_cortex.c.obj
 .debug_info    0x00002e76      0x60a CMakeFiles/My_LED_Pro.elf.dir/Drivers/STM32F1xx_HAL_Driver/Src/stm32f1xx_hal_gpio.c.obj
 .debug_info    0x00003480      0x813 CMakeFiles/My_LED_Pro.elf.dir/Drivers/STM32F1xx_HAL_Driver/Src/stm32f1xx_hal_rcc.c.obj
 .debug_info    0x00003c93     0x2b1b CMakeFiles/My_LED_Pro.elf.dir/Drivers/STM32F1xx_HAL_Driver/Src/stm32f1xx_hal_tim.c.obj
 .debug_info    0x000067ae     0x1488 CMakeFiles/My_LED_Pro.elf.dir/Drivers/STM32F1xx_HAL_Driver/Src/stm32f1xx_hal_tim_ex.c.obj
 .debug_info    0x00007c36     0x3115 CMakeFiles/My_LED_Pro.elf.dir/Drivers/STM32F1xx_HAL_Driver/Src/stm32f1xx_hal_uart.c.obj
 .debug_info    0x0000ad4b       0x22 CMakeFiles/My_LED_Pro.elf.dir/startup/startup_stm32f103xb.s.obj

.debug_abbrev   0x00000000     0x154a
 .debug_abbrev  0x00000000      0x20a CMakeFiles/My_LED_Pro.elf.dir/Core/Src/main.c.obj
 .debug_abbrev  0x0000020a      0x1b2 CMakeFiles/My_LED_Pro.elf.dir/Core/Src/stm32f1xx_hal_msp.c.obj
 .debug_abbrev  0x000003bc       0x5e CMakeFiles/My_LED_Pro.elf.dir/Core/Src/stm32f1xx_it.c.obj
 .debug_abbrev  0x0000041a      0x138 CMakeFiles/My_LED_Pro.elf.dir/Core/Src/system_stm32f1xx.c.obj
 .debug_abbrev  0x00000552      0x1c5 CMakeFiles/My_LED_Pro.elf.dir/Drivers/STM32F1xx_HAL_Driver/Src/stm32f1xx_hal.c.obj
 .debug_abbrev  0x00000717      0x2ea CMakeFiles/My_LED_Pro.elf.dir/Drivers/STM32F1xx_HAL_Driver/Src/stm32f1xx_hal_cortex.c.obj
 .debug_abbrev  0x00000a01      0x1b8 CMakeFiles/My_LED_Pro.elf.dir/Drivers/STM32F1xx_HAL_Driver/Src/stm32f1xx_hal_gpio.c.obj
 .debug_abbrev  0x00000bb9      0x25d CMakeFiles/My_LED_Pro.elf.dir/Drivers/STM32F1xx_HAL_Driver/Src/stm32f1xx_hal_rcc.c.obj
 .debug_abbrev  0x00000e16      0x235 CMakeFiles/My_LED_Pro.elf.dir/Drivers/STM32F1xx_HAL_Driver/Src/stm32f1xx_hal_tim.c.obj
 .debug_abbrev  0x0000104b      0x23d CMakeFiles/My_LED_Pro.elf.dir/Drivers/STM32F1xx_HAL_Driver/Src/stm32f1xx_hal_tim_ex.c.obj
 .debug_abbrev  0x00001288      0x2b0 CMakeFiles/My_LED_Pro.elf.dir/Drivers/STM32F1xx_HAL_Driver/Src/stm32f1xx_hal_uart.c.obj
 .debug_abbrev  0x00001538       0x12 CMakeFiles/My_LED_Pro.elf.dir/startup/startup_stm32f103xb.s.obj

.debug_aranges  0x00000000      0xb40
 .debug_aranges
                0x00000000       0x48 CMakeFiles/My_LED_Pro.elf.dir/Core/Src/main.c.obj
 .debug_aranges
                0x00000048       0x40 CMakeFiles/My_LED_Pro.elf.dir/Core/Src/stm32f1xx_hal_msp.c.obj
 .debug_aranges
                0x00000088       0x60 CMakeFiles/My_LED_Pro.elf.dir/Core/Src/stm32f1xx_it.c.obj
 .debug_aranges
                0x000000e8       0x28 CMakeFiles/My_LED_Pro.elf.dir/Core/Src/system_stm32f1xx.c.obj
 .debug_aranges
                0x00000110       0xe0 CMakeFiles/My_LED_Pro.elf.dir/Drivers/STM32F1xx_HAL_Driver/Src/stm32f1xx_hal.c.obj
 .debug_aranges
                0x000001f0      0x100 CMakeFiles/My_LED_Pro.elf.dir/Drivers/STM32F1xx_HAL_Driver/Src/stm32f1xx_hal_cortex.c.obj
 .debug_aranges
                0x000002f0       0x58 CMakeFiles/My_LED_Pro.elf.dir/Drivers/STM32F1xx_HAL_Driver/Src/stm32f1xx_hal_gpio.c.obj
 .debug_aranges
                0x00000348       0x90 CMakeFiles/My_LED_Pro.elf.dir/Drivers/STM32F1xx_HAL_Driver/Src/stm32f1xx_hal_rcc.c.obj
 .debug_aranges
                0x000003d8      0x3d0 CMakeFiles/My_LED_Pro.elf.dir/Drivers/STM32F1xx_HAL_Driver/Src/stm32f1xx_hal_tim.c.obj
 .debug_aranges
                0x000007a8      0x168 CMakeFiles/My_LED_Pro.elf.dir/Drivers/STM32F1xx_HAL_Driver/Src/stm32f1xx_hal_tim_ex.c.obj
 .debug_aranges
                0x00000910      0x208 CMakeFiles/My_LED_Pro.elf.dir/Drivers/STM32F1xx_HAL_Driver/Src/stm32f1xx_hal_uart.c.obj
 .debug_aranges
                0x00000b18       0x28 CMakeFiles/My_LED_Pro.elf.dir/startup/startup_stm32f103xb.s.obj

.debug_ranges   0x00000000      0xab8
 .debug_ranges  0x00000000       0x38 CMakeFiles/My_LED_Pro.elf.dir/Core/Src/main.c.obj
 .debug_ranges  0x00000038       0x30 CMakeFiles/My_LED_Pro.elf.dir/Core/Src/stm32f1xx_hal_msp.c.obj
 .debug_ranges  0x00000068       0x50 CMakeFiles/My_LED_Pro.elf.dir/Core/Src/stm32f1xx_it.c.obj
 .debug_ranges  0x000000b8       0x18 CMakeFiles/My_LED_Pro.elf.dir/Core/Src/system_stm32f1xx.c.obj
 .debug_ranges  0x000000d0       0xd0 CMakeFiles/My_LED_Pro.elf.dir/Drivers/STM32F1xx_HAL_Driver/Src/stm32f1xx_hal.c.obj
 .debug_ranges  0x000001a0       0xf0 CMakeFiles/My_LED_Pro.elf.dir/Drivers/STM32F1xx_HAL_Driver/Src/stm32f1xx_hal_cortex.c.obj
 .debug_ranges  0x00000290       0x48 CMakeFiles/My_LED_Pro.elf.dir/Drivers/STM32F1xx_HAL_Driver/Src/stm32f1xx_hal_gpio.c.obj
 .debug_ranges  0x000002d8       0x80 CMakeFiles/My_LED_Pro.elf.dir/Drivers/STM32F1xx_HAL_Driver/Src/stm32f1xx_hal_rcc.c.obj
 .debug_ranges  0x00000358      0x3c0 CMakeFiles/My_LED_Pro.elf.dir/Drivers/STM32F1xx_HAL_Driver/Src/stm32f1xx_hal_tim.c.obj
 .debug_ranges  0x00000718      0x158 CMakeFiles/My_LED_Pro.elf.dir/Drivers/STM32F1xx_HAL_Driver/Src/stm32f1xx_hal_tim_ex.c.obj
 .debug_ranges  0x00000870      0x228 CMakeFiles/My_LED_Pro.elf.dir/Drivers/STM32F1xx_HAL_Driver/Src/stm32f1xx_hal_uart.c.obj
 .debug_ranges  0x00000a98       0x20 CMakeFiles/My_LED_Pro.elf.dir/startup/startup_stm32f103xb.s.obj

.debug_line     0x00000000     0x8c49
 .debug_line    0x00000000      0x3e9 CMakeFiles/My_LED_Pro.elf.dir/Core/Src/main.c.obj
 .debug_line    0x000003e9      0x2c0 CMakeFiles/My_LED_Pro.elf.dir/Core/Src/stm32f1xx_hal_msp.c.obj
 .debug_line    0x000006a9      0x133 CMakeFiles/My_LED_Pro.elf.dir/Core/Src/stm32f1xx_it.c.obj
 .debug_line    0x000007dc      0x21f CMakeFiles/My_LED_Pro.elf.dir/Core/Src/system_stm32f1xx.c.obj
 .debug_line    0x000009fb      0x506 CMakeFiles/My_LED_Pro.elf.dir/Drivers/STM32F1xx_HAL_Driver/Src/stm32f1xx_hal.c.obj
 .debug_line    0x00000f01      0x66f CMakeFiles/My_LED_Pro.elf.dir/Drivers/STM32F1xx_HAL_Driver/Src/stm32f1xx_hal_cortex.c.obj
 .debug_line    0x00001570      0x53d CMakeFiles/My_LED_Pro.elf.dir/Drivers/STM32F1xx_HAL_Driver/Src/stm32f1xx_hal_gpio.c.obj
 .debug_line    0x00001aad      0x919 CMakeFiles/My_LED_Pro.elf.dir/Drivers/STM32F1xx_HAL_Driver/Src/stm32f1xx_hal_rcc.c.obj
 .debug_line    0x000023c6     0x2f54 CMakeFiles/My_LED_Pro.elf.dir/Drivers/STM32F1xx_HAL_Driver/Src/stm32f1xx_hal_tim.c.obj
 .debug_line    0x0000531a     0x1439 CMakeFiles/My_LED_Pro.elf.dir/Drivers/STM32F1xx_HAL_Driver/Src/stm32f1xx_hal_tim_ex.c.obj
 .debug_line    0x00006753     0x244d CMakeFiles/My_LED_Pro.elf.dir/Drivers/STM32F1xx_HAL_Driver/Src/stm32f1xx_hal_uart.c.obj
 .debug_line    0x00008ba0       0xa9 CMakeFiles/My_LED_Pro.elf.dir/startup/startup_stm32f103xb.s.obj

.debug_str      0x00000000     0x35d5
 .debug_str     0x00000000      0xb1f CMakeFiles/My_LED_Pro.elf.dir/Core/Src/main.c.obj
                                0xc08 (size before relaxing)
 .debug_str     0x00000b1f       0xe4 CMakeFiles/My_LED_Pro.elf.dir/Core/Src/stm32f1xx_hal_msp.c.obj
                                0x9db (size before relaxing)
 .debug_str     0x00000c03       0xd5 CMakeFiles/My_LED_Pro.elf.dir/Core/Src/stm32f1xx_it.c.obj
                                0x258 (size before relaxing)
 .debug_str     0x00000cd8       0xa8 CMakeFiles/My_LED_Pro.elf.dir/Core/Src/system_stm32f1xx.c.obj
                                0x296 (size before relaxing)
 .debug_str     0x00000d80      0x5f2 CMakeFiles/My_LED_Pro.elf.dir/Drivers/STM32F1xx_HAL_Driver/Src/stm32f1xx_hal.c.obj
                                0x821 (size before relaxing)
 .debug_str     0x00001372      0x434 CMakeFiles/My_LED_Pro.elf.dir/Drivers/STM32F1xx_HAL_Driver/Src/stm32f1xx_hal_cortex.c.obj
                                0x915 (size before relaxing)
 .debug_str     0x000017a6      0x174 CMakeFiles/My_LED_Pro.elf.dir/Drivers/STM32F1xx_HAL_Driver/Src/stm32f1xx_hal_gpio.c.obj
                                0x442 (size before relaxing)
 .debug_str     0x0000191a      0x244 CMakeFiles/My_LED_Pro.elf.dir/Drivers/STM32F1xx_HAL_Driver/Src/stm32f1xx_hal_rcc.c.obj
                                0x646 (size before relaxing)
 .debug_str     0x00001b5e      0xe2a CMakeFiles/My_LED_Pro.elf.dir/Drivers/STM32F1xx_HAL_Driver/Src/stm32f1xx_hal_tim.c.obj
                               0x162e (size before relaxing)
 .debug_str     0x00002988      0x5a5 CMakeFiles/My_LED_Pro.elf.dir/Drivers/STM32F1xx_HAL_Driver/Src/stm32f1xx_hal_tim_ex.c.obj
                                0xddf (size before relaxing)
 .debug_str     0x00002f2d      0x64f CMakeFiles/My_LED_Pro.elf.dir/Drivers/STM32F1xx_HAL_Driver/Src/stm32f1xx_hal_uart.c.obj
                                0xcbf (size before relaxing)
 .debug_str     0x0000357c       0x59 CMakeFiles/My_LED_Pro.elf.dir/startup/startup_stm32f103xb.s.obj
                                 0x98 (size before relaxing)

.comment        0x00000000       0x49
 .comment       0x00000000       0x49 CMakeFiles/My_LED_Pro.elf.dir/Core/Src/main.c.obj
                                 0x4a (size before relaxing)
 .comment       0x00000049       0x4a CMakeFiles/My_LED_Pro.elf.dir/Core/Src/stm32f1xx_hal_msp.c.obj
 .comment       0x00000049       0x4a CMakeFiles/My_LED_Pro.elf.dir/Core/Src/stm32f1xx_it.c.obj
 .comment       0x00000049       0x4a CMakeFiles/My_LED_Pro.elf.dir/Core/Src/system_stm32f1xx.c.obj
 .comment       0x00000049       0x4a CMakeFiles/My_LED_Pro.elf.dir/Drivers/STM32F1xx_HAL_Driver/Src/stm32f1xx_hal.c.obj
 .comment       0x00000049       0x4a CMakeFiles/My_LED_Pro.elf.dir/Drivers/STM32F1xx_HAL_Driver/Src/stm32f1xx_hal_cortex.c.obj
 .comment       0x00000049       0x4a CMakeFiles/My_LED_Pro.elf.dir/Drivers/STM32F1xx_HAL_Driver/Src/stm32f1xx_hal_gpio.c.obj
 .comment       0x00000049       0x4a CMakeFiles/My_LED_Pro.elf.dir/Drivers/STM32F1xx_HAL_Driver/Src/stm32f1xx_hal_rcc.c.obj
 .comment       0x00000049       0x4a CMakeFiles/My_LED_Pro.elf.dir/Drivers/STM32F1xx_HAL_Driver/Src/stm32f1xx_hal_tim.c.obj
 .comment       0x00000049       0x4a CMakeFiles/My_LED_Pro.elf.dir/Drivers/STM32F1xx_HAL_Driver/Src/stm32f1xx_hal_tim_ex.c.obj
 .comment       0x00000049       0x4a CMakeFiles/My_LED_Pro.elf.dir/Drivers/STM32F1xx_HAL_Driver/Src/stm32f1xx_hal_uart.c.obj

.debug_frame    0x00000000     0x2f3c
 .debug_frame   0x00000000       0xcc CMakeFiles/My_LED_Pro.elf.dir/Core/Src/main.c.obj
 .debug_frame   0x000000cc       0xd0 CMakeFiles/My_LED_Pro.elf.dir/Core/Src/stm32f1xx_hal_msp.c.obj
 .debug_frame   0x0000019c      0x104 CMakeFiles/My_LED_Pro.elf.dir/Core/Src/stm32f1xx_it.c.obj
 .debug_frame   0x000002a0       0x58 CMakeFiles/My_LED_Pro.elf.dir/Core/Src/system_stm32f1xx.c.obj
 .debug_frame   0x000002f8      0x334 CMakeFiles/My_LED_Pro.elf.dir/Drivers/STM32F1xx_HAL_Driver/Src/stm32f1xx_hal.c.obj
 .debug_frame   0x0000062c      0x428 CMakeFiles/My_LED_Pro.elf.dir/Drivers/STM32F1xx_HAL_Driver/Src/stm32f1xx_hal_cortex.c.obj
 .debug_frame   0x00000a54      0x14c CMakeFiles/My_LED_Pro.elf.dir/Drivers/STM32F1xx_HAL_Driver/Src/stm32f1xx_hal_gpio.c.obj
 .debug_frame   0x00000ba0      0x218 CMakeFiles/My_LED_Pro.elf.dir/Drivers/STM32F1xx_HAL_Driver/Src/stm32f1xx_hal_rcc.c.obj
 .debug_frame   0x00000db8     0x11bc CMakeFiles/My_LED_Pro.elf.dir/Drivers/STM32F1xx_HAL_Driver/Src/stm32f1xx_hal_tim.c.obj
 .debug_frame   0x00001f74      0x638 CMakeFiles/My_LED_Pro.elf.dir/Drivers/STM32F1xx_HAL_Driver/Src/stm32f1xx_hal_tim_ex.c.obj
 .debug_frame   0x000025ac      0x944 CMakeFiles/My_LED_Pro.elf.dir/Drivers/STM32F1xx_HAL_Driver/Src/stm32f1xx_hal_uart.c.obj
 .debug_frame   0x00002ef0       0x2c c:/gcc-arm-9.2-2019.12/bin/../lib/gcc/arm-none-eabi/10.3.1/../../../../arm-none-eabi/lib/thumb/v7-m/nofp\libg_nano.a(lib_a-init.o)
 .debug_frame   0x00002f1c       0x20 c:/gcc-arm-9.2-2019.12/bin/../lib/gcc/arm-none-eabi/10.3.1/../../../../arm-none-eabi/lib/thumb/v7-m/nofp\libg_nano.a(lib_a-memset.o)
